18:39:01 **** Incremental Build of configuration Debug for project lab_3B ****
make pre-build main-build 
a9-linaro-pre-build-step
' '
make: Nothing to be done for `main-build'.
18:43:06 **** Incremental Build of configuration Debug for project lab_3B ****
make pre-build main-build 
a9-linaro-pre-build-step
' '
make: Nothing to be done for `main-build'.
18:43:52 **** Incremental Build of configuration Debug for project lab_3B ****
make pre-build main-build 
a9-linaro-pre-build-step
' '
make: Nothing to be done for `main-build'.
18:44:15 **** Incremental Build of configuration Debug for project lab_3B ****
make pre-build main-build 
a9-linaro-pre-build-step
' '
make: Nothing to be done for `main-build'.
18:44:52 **** Incremental Build of configuration Debug for project lab_3B ****
make pre-build main-build 
a9-linaro-pre-build-step
' '
make: Nothing to be done for `main-build'.
18:44:53 **** Incremental Build of configuration Debug for project lab_3B ****
make pre-build main-build 
a9-linaro-pre-build-step
' '
make: Nothing to be done for `main-build'.
18:45:04 **** Incremental Build of configuration Debug for project lab_3B ****
make pre-build main-build 
a9-linaro-pre-build-step
' '
make: Nothing to be done for `main-build'.
20:05:17 **** Auto Build of configuration Debug for project lab_3B ****
make pre-build main-build 
a9-linaro-pre-build-step
' '
'Building file: ../lab3_coprocessor.c'
'Invoking: ARM v7 gcc compiler'
arm-none-eabi-gcc -Wall -O0 -g3 -c -fmessage-length=0 -MT"lab3_coprocessor.o" -mcpu=cortex-a9 -mfpu=vfpv3 -mfloat-abi=hard -I../../lab_3B_bsp/ps7_cortexa9_0/include -MMD -MP -MF"lab3_coprocessor.d" -MT"lab3_coprocessor.o" -o "lab3_coprocessor.o" "../lab3_coprocessor.c"
'Finished building: ../lab3_coprocessor.c'
' '
'Building target: lab_3B.elf'
'Invoking: ARM v7 gcc linker'
arm-none-eabi-gcc -mcpu=cortex-a9 -mfpu=vfpv3 -mfloat-abi=hard -Wl,-build-id=none -specs=Xilinx.spec -Wl,-T -Wl,../src/lscript.ld -L../../lab_3B_bsp/ps7_cortexa9_0/lib -o "lab_3B.elf"  ./lab3_coprocessor.o   -Wl,--start-group,-lxil,-lgcc,-lc,--end-group
'Finished building target: lab_3B.elf'
' '
'Invoking: ARM v7 Print Size'
arm-none-eabi-size lab_3B.elf  |tee "lab_3B.elf.size"
   text	   data	    bss	    dec	    hex	filename
  31840	   1212	  24312	  57364	   e014	lab_3B.elf
'Finished building: lab_3B.elf.size'
' '
20:05:26 **** Incremental Build of configuration Debug for project lab_3B ****
make pre-build main-build 
a9-linaro-pre-build-step
' '
make: Nothing to be done for `main-build'.
20:09:04 **** Auto Build of configuration Debug for project lab_3B ****
make pre-build main-build 
a9-linaro-pre-build-step
' '
'Building file: ../lab3_coprocessor.c'
'Invoking: ARM v7 gcc compiler'
arm-none-eabi-gcc -Wall -O0 -g3 -c -fmessage-length=0 -MT"lab3_coprocessor.o" -mcpu=cortex-a9 -mfpu=vfpv3 -mfloat-abi=hard -I../../lab_3B_bsp/ps7_cortexa9_0/include -MMD -MP -MF"lab3_coprocessor.d" -MT"lab3_coprocessor.o" -o "lab3_coprocessor.o" "../lab3_coprocessor.c"
'Finished building: ../lab3_coprocessor.c'
' '
'Building target: lab_3B.elf'
'Invoking: ARM v7 gcc linker'
arm-none-eabi-gcc -mcpu=cortex-a9 -mfpu=vfpv3 -mfloat-abi=hard -Wl,-build-id=none -specs=Xilinx.spec -Wl,-T -Wl,../src/lscript.ld -L../../lab_3B_bsp/ps7_cortexa9_0/lib -o "lab_3B.elf"  ./lab3_coprocessor.o   -Wl,--start-group,-lxil,-lgcc,-lc,--end-group
'Finished building target: lab_3B.elf'
' '
'Invoking: ARM v7 Print Size'
arm-none-eabi-size lab_3B.elf  |tee "lab_3B.elf.size"
   text	   data	    bss	    dec	    hex	filename
  31840	   1212	  24312	  57364	   e014	lab_3B.elf
'Finished building: lab_3B.elf.size'
' '
20:09:08 **** Incremental Build of configuration Debug for project lab_3B ****
make pre-build main-build 
a9-linaro-pre-build-step
' '
make: Nothing to be done for `main-build'.
20:09:36 **** Auto Build of configuration Debug for project lab_3B ****
make pre-build main-build 
a9-linaro-pre-build-step
' '
'Building file: ../lab3_coprocessor.c'
'Invoking: ARM v7 gcc compiler'
arm-none-eabi-gcc -Wall -O0 -g3 -c -fmessage-length=0 -MT"lab3_coprocessor.o" -mcpu=cortex-a9 -mfpu=vfpv3 -mfloat-abi=hard -I../../lab_3B_bsp/ps7_cortexa9_0/include -MMD -MP -MF"lab3_coprocessor.d" -MT"lab3_coprocessor.o" -o "lab3_coprocessor.o" "../lab3_coprocessor.c"
'Finished building: ../lab3_coprocessor.c'
' '
'Building target: lab_3B.elf'
'Invoking: ARM v7 gcc linker'
arm-none-eabi-gcc -mcpu=cortex-a9 -mfpu=vfpv3 -mfloat-abi=hard -Wl,-build-id=none -specs=Xilinx.spec -Wl,-T -Wl,../src/lscript.ld -L../../lab_3B_bsp/ps7_cortexa9_0/lib -o "lab_3B.elf"  ./lab3_coprocessor.o   -Wl,--start-group,-lxil,-lgcc,-lc,--end-group
'Finished building target: lab_3B.elf'
' '
'Invoking: ARM v7 Print Size'
arm-none-eabi-size lab_3B.elf  |tee "lab_3B.elf.size"
   text	   data	    bss	    dec	    hex	filename
  31840	   1212	  24312	  57364	   e014	lab_3B.elf
'Finished building: lab_3B.elf.size'
' '
20:09:40 **** Incremental Build of configuration Debug for project lab_3B ****
make pre-build main-build 
a9-linaro-pre-build-step
' '
make: Nothing to be done for `main-build'.
20:10:26 **** Auto Build of configuration Debug for project lab_3B ****
make pre-build main-build 
a9-linaro-pre-build-step
' '
'Building file: ../lab3_coprocessor.c'
'Invoking: ARM v7 gcc compiler'
arm-none-eabi-gcc -Wall -O0 -g3 -c -fmessage-length=0 -MT"lab3_coprocessor.o" -mcpu=cortex-a9 -mfpu=vfpv3 -mfloat-abi=hard -I../../lab_3B_bsp/ps7_cortexa9_0/include -MMD -MP -MF"lab3_coprocessor.d" -MT"lab3_coprocessor.o" -o "lab3_coprocessor.o" "../lab3_coprocessor.c"
'Finished building: ../lab3_coprocessor.c'
' '
'Building target: lab_3B.elf'
'Invoking: ARM v7 gcc linker'
arm-none-eabi-gcc -mcpu=cortex-a9 -mfpu=vfpv3 -mfloat-abi=hard -Wl,-build-id=none -specs=Xilinx.spec -Wl,-T -Wl,../src/lscript.ld -L../../lab_3B_bsp/ps7_cortexa9_0/lib -o "lab_3B.elf"  ./lab3_coprocessor.o   -Wl,--start-group,-lxil,-lgcc,-lc,--end-group
'Finished building target: lab_3B.elf'
' '
'Invoking: ARM v7 Print Size'
arm-none-eabi-size lab_3B.elf  |tee "lab_3B.elf.size"
   text	   data	    bss	    dec	    hex	filename
  31840	   1212	  24312	  57364	   e014	lab_3B.elf
'Finished building: lab_3B.elf.size'
' '
20:10:29 **** Incremental Build of configuration Debug for project lab_3B ****
make pre-build main-build 
a9-linaro-pre-build-step
' '
make: Nothing to be done for `main-build'.
20:11:13 **** Auto Build of configuration Debug for project lab_3B ****
make pre-build main-build 
a9-linaro-pre-build-step
' '
'Building file: ../lab3_coprocessor.c'
'Invoking: ARM v7 gcc compiler'
arm-none-eabi-gcc -Wall -O0 -g3 -c -fmessage-length=0 -MT"lab3_coprocessor.o" -mcpu=cortex-a9 -mfpu=vfpv3 -mfloat-abi=hard -I../../lab_3B_bsp/ps7_cortexa9_0/include -MMD -MP -MF"lab3_coprocessor.d" -MT"lab3_coprocessor.o" -o "lab3_coprocessor.o" "../lab3_coprocessor.c"
'Finished building: ../lab3_coprocessor.c'
' '
'Building target: lab_3B.elf'
'Invoking: ARM v7 gcc linker'
arm-none-eabi-gcc -mcpu=cortex-a9 -mfpu=vfpv3 -mfloat-abi=hard -Wl,-build-id=none -specs=Xilinx.spec -Wl,-T -Wl,../src/lscript.ld -L../../lab_3B_bsp/ps7_cortexa9_0/lib -o "lab_3B.elf"  ./lab3_coprocessor.o   -Wl,--start-group,-lxil,-lgcc,-lc,--end-group
'Finished building target: lab_3B.elf'
' '
'Invoking: ARM v7 Print Size'
arm-none-eabi-size lab_3B.elf  |tee "lab_3B.elf.size"
   text	   data	    bss	    dec	    hex	filename
  31840	   1212	  24312	  57364	   e014	lab_3B.elf
'Finished building: lab_3B.elf.size'
' '
20:11:17 **** Incremental Build of configuration Debug for project lab_3B ****
make pre-build main-build 
a9-linaro-pre-build-step
' '
make: Nothing to be done for `main-build'.
20:12:26 **** Auto Build of configuration Debug for project lab_3B ****
make pre-build main-build 
a9-linaro-pre-build-step
' '
'Building file: ../lab3_coprocessor.c'
'Invoking: ARM v7 gcc compiler'
arm-none-eabi-gcc -Wall -O0 -g3 -c -fmessage-length=0 -MT"lab3_coprocessor.o" -mcpu=cortex-a9 -mfpu=vfpv3 -mfloat-abi=hard -I../../lab_3B_bsp/ps7_cortexa9_0/include -MMD -MP -MF"lab3_coprocessor.d" -MT"lab3_coprocessor.o" -o "lab3_coprocessor.o" "../lab3_coprocessor.c"
'Finished building: ../lab3_coprocessor.c'
' '
'Building target: lab_3B.elf'
'Invoking: ARM v7 gcc linker'
arm-none-eabi-gcc -mcpu=cortex-a9 -mfpu=vfpv3 -mfloat-abi=hard -Wl,-build-id=none -specs=Xilinx.spec -Wl,-T -Wl,../src/lscript.ld -L../../lab_3B_bsp/ps7_cortexa9_0/lib -o "lab_3B.elf"  ./lab3_coprocessor.o   -Wl,--start-group,-lxil,-lgcc,-lc,--end-group
'Finished building target: lab_3B.elf'
' '
'Invoking: ARM v7 Print Size'
arm-none-eabi-size lab_3B.elf  |tee "lab_3B.elf.size"
   text	   data	    bss	    dec	    hex	filename
  31840	   1212	  24312	  57364	   e014	lab_3B.elf
'Finished building: lab_3B.elf.size'
' '
20:12:30 **** Incremental Build of configuration Debug for project lab_3B ****
make pre-build main-build 
a9-linaro-pre-build-step
' '
make: Nothing to be done for `main-build'.
20:14:04 **** Auto Build of configuration Debug for project lab_3B ****
make pre-build main-build 
a9-linaro-pre-build-step
' '
'Building file: ../lab3_coprocessor.c'
'Invoking: ARM v7 gcc compiler'
arm-none-eabi-gcc -Wall -O0 -g3 -c -fmessage-length=0 -MT"lab3_coprocessor.o" -mcpu=cortex-a9 -mfpu=vfpv3 -mfloat-abi=hard -I../../lab_3B_bsp/ps7_cortexa9_0/include -MMD -MP -MF"lab3_coprocessor.d" -MT"lab3_coprocessor.o" -o "lab3_coprocessor.o" "../lab3_coprocessor.c"
'Finished building: ../lab3_coprocessor.c'
' '
'Building target: lab_3B.elf'
'Invoking: ARM v7 gcc linker'
arm-none-eabi-gcc -mcpu=cortex-a9 -mfpu=vfpv3 -mfloat-abi=hard -Wl,-build-id=none -specs=Xilinx.spec -Wl,-T -Wl,../src/lscript.ld -L../../lab_3B_bsp/ps7_cortexa9_0/lib -o "lab_3B.elf"  ./lab3_coprocessor.o   -Wl,--start-group,-lxil,-lgcc,-lc,--end-group
'Finished building target: lab_3B.elf'
' '
'Invoking: ARM v7 Print Size'
arm-none-eabi-size lab_3B.elf  |tee "lab_3B.elf.size"
   text	   data	    bss	    dec	    hex	filename
  31840	   1212	  24312	  57364	   e014	lab_3B.elf
'Finished building: lab_3B.elf.size'
' '
20:14:07 **** Incremental Build of configuration Debug for project lab_3B ****
make pre-build main-build 
a9-linaro-pre-build-step
' '
make: Nothing to be done for `main-build'.
20:14:30 **** Auto Build of configuration Debug for project lab_3B ****
make pre-build main-build 
a9-linaro-pre-build-step
' '
'Building file: ../lab3_coprocessor.c'
'Invoking: ARM v7 gcc compiler'
arm-none-eabi-gcc -Wall -O0 -g3 -c -fmessage-length=0 -MT"lab3_coprocessor.o" -mcpu=cortex-a9 -mfpu=vfpv3 -mfloat-abi=hard -I../../lab_3B_bsp/ps7_cortexa9_0/include -MMD -MP -MF"lab3_coprocessor.d" -MT"lab3_coprocessor.o" -o "lab3_coprocessor.o" "../lab3_coprocessor.c"
'Finished building: ../lab3_coprocessor.c'
' '
'Building target: lab_3B.elf'
'Invoking: ARM v7 gcc linker'
arm-none-eabi-gcc -mcpu=cortex-a9 -mfpu=vfpv3 -mfloat-abi=hard -Wl,-build-id=none -specs=Xilinx.spec -Wl,-T -Wl,../src/lscript.ld -L../../lab_3B_bsp/ps7_cortexa9_0/lib -o "lab_3B.elf"  ./lab3_coprocessor.o   -Wl,--start-group,-lxil,-lgcc,-lc,--end-group
'Finished building target: lab_3B.elf'
' '
'Invoking: ARM v7 Print Size'
arm-none-eabi-size lab_3B.elf  |tee "lab_3B.elf.size"
   text	   data	    bss	    dec	    hex	filename
  31840	   1212	  24312	  57364	   e014	lab_3B.elf
'Finished building: lab_3B.elf.size'
' '
20:14:33 **** Incremental Build of configuration Debug for project lab_3B ****
make pre-build main-build 
a9-linaro-pre-build-step
' '
make: Nothing to be done for `main-build'.
20:14:58 **** Auto Build of configuration Debug for project lab_3B ****
make pre-build main-build 
a9-linaro-pre-build-step
' '
'Building file: ../lab3_coprocessor.c'
'Invoking: ARM v7 gcc compiler'
arm-none-eabi-gcc -Wall -O0 -g3 -c -fmessage-length=0 -MT"lab3_coprocessor.o" -mcpu=cortex-a9 -mfpu=vfpv3 -mfloat-abi=hard -I../../lab_3B_bsp/ps7_cortexa9_0/include -MMD -MP -MF"lab3_coprocessor.d" -MT"lab3_coprocessor.o" -o "lab3_coprocessor.o" "../lab3_coprocessor.c"
'Finished building: ../lab3_coprocessor.c'
' '
'Building target: lab_3B.elf'
'Invoking: ARM v7 gcc linker'
arm-none-eabi-gcc -mcpu=cortex-a9 -mfpu=vfpv3 -mfloat-abi=hard -Wl,-build-id=none -specs=Xilinx.spec -Wl,-T -Wl,../src/lscript.ld -L../../lab_3B_bsp/ps7_cortexa9_0/lib -o "lab_3B.elf"  ./lab3_coprocessor.o   -Wl,--start-group,-lxil,-lgcc,-lc,--end-group
'Finished building target: lab_3B.elf'
' '
'Invoking: ARM v7 Print Size'
arm-none-eabi-size lab_3B.elf  |tee "lab_3B.elf.size"
   text	   data	    bss	    dec	    hex	filename
  31840	   1212	  24312	  57364	   e014	lab_3B.elf
'Finished building: lab_3B.elf.size'
' '
20:15:01 **** Incremental Build of configuration Debug for project lab_3B ****
make pre-build main-build 
a9-linaro-pre-build-step
' '
make: Nothing to be done for `main-build'.
20:15:16 **** Auto Build of configuration Debug for project lab_3B ****
make pre-build main-build 
a9-linaro-pre-build-step
' '
'Building file: ../lab3_coprocessor.c'
'Invoking: ARM v7 gcc compiler'
arm-none-eabi-gcc -Wall -O0 -g3 -c -fmessage-length=0 -MT"lab3_coprocessor.o" -mcpu=cortex-a9 -mfpu=vfpv3 -mfloat-abi=hard -I../../lab_3B_bsp/ps7_cortexa9_0/include -MMD -MP -MF"lab3_coprocessor.d" -MT"lab3_coprocessor.o" -o "lab3_coprocessor.o" "../lab3_coprocessor.c"
'Finished building: ../lab3_coprocessor.c'
' '
'Building target: lab_3B.elf'
'Invoking: ARM v7 gcc linker'
arm-none-eabi-gcc -mcpu=cortex-a9 -mfpu=vfpv3 -mfloat-abi=hard -Wl,-build-id=none -specs=Xilinx.spec -Wl,-T -Wl,../src/lscript.ld -L../../lab_3B_bsp/ps7_cortexa9_0/lib -o "lab_3B.elf"  ./lab3_coprocessor.o   -Wl,--start-group,-lxil,-lgcc,-lc,--end-group
'Finished building target: lab_3B.elf'
' '
'Invoking: ARM v7 Print Size'
arm-none-eabi-size lab_3B.elf  |tee "lab_3B.elf.size"
   text	   data	    bss	    dec	    hex	filename
  31840	   1212	  24312	  57364	   e014	lab_3B.elf
'Finished building: lab_3B.elf.size'
' '
20:15:19 **** Incremental Build of configuration Debug for project lab_3B ****
make pre-build main-build 
a9-linaro-pre-build-step
' '
make: Nothing to be done for `main-build'.
20:15:37 **** Auto Build of configuration Debug for project lab_3B ****
make pre-build main-build 
a9-linaro-pre-build-step
' '
'Building file: ../lab3_coprocessor.c'
'Invoking: ARM v7 gcc compiler'
arm-none-eabi-gcc -Wall -O0 -g3 -c -fmessage-length=0 -MT"lab3_coprocessor.o" -mcpu=cortex-a9 -mfpu=vfpv3 -mfloat-abi=hard -I../../lab_3B_bsp/ps7_cortexa9_0/include -MMD -MP -MF"lab3_coprocessor.d" -MT"lab3_coprocessor.o" -o "lab3_coprocessor.o" "../lab3_coprocessor.c"
'Finished building: ../lab3_coprocessor.c'
' '
'Building target: lab_3B.elf'
'Invoking: ARM v7 gcc linker'
arm-none-eabi-gcc -mcpu=cortex-a9 -mfpu=vfpv3 -mfloat-abi=hard -Wl,-build-id=none -specs=Xilinx.spec -Wl,-T -Wl,../src/lscript.ld -L../../lab_3B_bsp/ps7_cortexa9_0/lib -o "lab_3B.elf"  ./lab3_coprocessor.o   -Wl,--start-group,-lxil,-lgcc,-lc,--end-group
'Finished building target: lab_3B.elf'
' '
'Invoking: ARM v7 Print Size'
arm-none-eabi-size lab_3B.elf  |tee "lab_3B.elf.size"
   text	   data	    bss	    dec	    hex	filename
  31840	   1212	  24312	  57364	   e014	lab_3B.elf
'Finished building: lab_3B.elf.size'
' '
20:16:02 **** Auto Build of configuration Debug for project lab_3B ****
make pre-build main-build 
a9-linaro-pre-build-step
' '
'Building file: ../lab3_coprocessor.c'
'Invoking: ARM v7 gcc compiler'
arm-none-eabi-gcc -Wall -O0 -g3 -c -fmessage-length=0 -MT"lab3_coprocessor.o" -mcpu=cortex-a9 -mfpu=vfpv3 -mfloat-abi=hard -I../../lab_3B_bsp/ps7_cortexa9_0/include -MMD -MP -MF"lab3_coprocessor.d" -MT"lab3_coprocessor.o" -o "lab3_coprocessor.o" "../lab3_coprocessor.c"
'Finished building: ../lab3_coprocessor.c'
' '
'Building target: lab_3B.elf'
'Invoking: ARM v7 gcc linker'
arm-none-eabi-gcc -mcpu=cortex-a9 -mfpu=vfpv3 -mfloat-abi=hard -Wl,-build-id=none -specs=Xilinx.spec -Wl,-T -Wl,../src/lscript.ld -L../../lab_3B_bsp/ps7_cortexa9_0/lib -o "lab_3B.elf"  ./lab3_coprocessor.o   -Wl,--start-group,-lxil,-lgcc,-lc,--end-group
'Finished building target: lab_3B.elf'
' '
'Invoking: ARM v7 Print Size'
arm-none-eabi-size lab_3B.elf  |tee "lab_3B.elf.size"
   text	   data	    bss	    dec	    hex	filename
  31840	   1212	  24312	  57364	   e014	lab_3B.elf
'Finished building: lab_3B.elf.size'
' '
20:16:05 **** Incremental Build of configuration Debug for project lab_3B ****
make pre-build main-build 
a9-linaro-pre-build-step
' '
make: Nothing to be done for `main-build'.
20:16:25 **** Auto Build of configuration Debug for project lab_3B ****
make pre-build main-build 
a9-linaro-pre-build-step
' '
'Building file: ../lab3_coprocessor.c'
'Invoking: ARM v7 gcc compiler'
arm-none-eabi-gcc -Wall -O0 -g3 -c -fmessage-length=0 -MT"lab3_coprocessor.o" -mcpu=cortex-a9 -mfpu=vfpv3 -mfloat-abi=hard -I../../lab_3B_bsp/ps7_cortexa9_0/include -MMD -MP -MF"lab3_coprocessor.d" -MT"lab3_coprocessor.o" -o "lab3_coprocessor.o" "../lab3_coprocessor.c"
'Finished building: ../lab3_coprocessor.c'
' '
'Building target: lab_3B.elf'
'Invoking: ARM v7 gcc linker'
arm-none-eabi-gcc -mcpu=cortex-a9 -mfpu=vfpv3 -mfloat-abi=hard -Wl,-build-id=none -specs=Xilinx.spec -Wl,-T -Wl,../src/lscript.ld -L../../lab_3B_bsp/ps7_cortexa9_0/lib -o "lab_3B.elf"  ./lab3_coprocessor.o   -Wl,--start-group,-lxil,-lgcc,-lc,--end-group
'Finished building target: lab_3B.elf'
' '
'Invoking: ARM v7 Print Size'
arm-none-eabi-size lab_3B.elf  |tee "lab_3B.elf.size"
   text	   data	    bss	    dec	    hex	filename
  31840	   1212	  24312	  57364	   e014	lab_3B.elf
'Finished building: lab_3B.elf.size'
' '
20:16:28 **** Incremental Build of configuration Debug for project lab_3B ****
make pre-build main-build 
a9-linaro-pre-build-step
' '
make: Nothing to be done for `main-build'.
20:19:50 **** Auto Build of configuration Debug for project lab_3B ****
make pre-build main-build 
a9-linaro-pre-build-step
' '
'Building file: ../lab3_coprocessor.c'
'Invoking: ARM v7 gcc compiler'
arm-none-eabi-gcc -Wall -O0 -g3 -c -fmessage-length=0 -MT"lab3_coprocessor.o" -mcpu=cortex-a9 -mfpu=vfpv3 -mfloat-abi=hard -I../../lab_3B_bsp/ps7_cortexa9_0/include -MMD -MP -MF"lab3_coprocessor.d" -MT"lab3_coprocessor.o" -o "lab3_coprocessor.o" "../lab3_coprocessor.c"
'Finished building: ../lab3_coprocessor.c'
' '
'Building target: lab_3B.elf'
'Invoking: ARM v7 gcc linker'
arm-none-eabi-gcc -mcpu=cortex-a9 -mfpu=vfpv3 -mfloat-abi=hard -Wl,-build-id=none -specs=Xilinx.spec -Wl,-T -Wl,../src/lscript.ld -L../../lab_3B_bsp/ps7_cortexa9_0/lib -o "lab_3B.elf"  ./lab3_coprocessor.o   -Wl,--start-group,-lxil,-lgcc,-lc,--end-group
'Finished building target: lab_3B.elf'
' '
'Invoking: ARM v7 Print Size'
arm-none-eabi-size lab_3B.elf  |tee "lab_3B.elf.size"
   text	   data	    bss	    dec	    hex	filename
  31840	   1212	  24312	  57364	   e014	lab_3B.elf
'Finished building: lab_3B.elf.size'
' '
20:19:54 **** Incremental Build of configuration Debug for project lab_3B ****
make pre-build main-build 
a9-linaro-pre-build-step
' '
make: Nothing to be done for `main-build'.
20:20:13 **** Auto Build of configuration Debug for project lab_3B ****
make pre-build main-build 
a9-linaro-pre-build-step
' '
'Building file: ../lab3_coprocessor.c'
'Invoking: ARM v7 gcc compiler'
arm-none-eabi-gcc -Wall -O0 -g3 -c -fmessage-length=0 -MT"lab3_coprocessor.o" -mcpu=cortex-a9 -mfpu=vfpv3 -mfloat-abi=hard -I../../lab_3B_bsp/ps7_cortexa9_0/include -MMD -MP -MF"lab3_coprocessor.d" -MT"lab3_coprocessor.o" -o "lab3_coprocessor.o" "../lab3_coprocessor.c"
'Finished building: ../lab3_coprocessor.c'
' '
'Building target: lab_3B.elf'
'Invoking: ARM v7 gcc linker'
arm-none-eabi-gcc -mcpu=cortex-a9 -mfpu=vfpv3 -mfloat-abi=hard -Wl,-build-id=none -specs=Xilinx.spec -Wl,-T -Wl,../src/lscript.ld -L../../lab_3B_bsp/ps7_cortexa9_0/lib -o "lab_3B.elf"  ./lab3_coprocessor.o   -Wl,--start-group,-lxil,-lgcc,-lc,--end-group
'Finished building target: lab_3B.elf'
' '
'Invoking: ARM v7 Print Size'
arm-none-eabi-size lab_3B.elf  |tee "lab_3B.elf.size"
   text	   data	    bss	    dec	    hex	filename
  31440	   1212	  24312	  56964	   de84	lab_3B.elf
'Finished building: lab_3B.elf.size'
' '
20:20:16 **** Incremental Build of configuration Debug for project lab_3B ****
make pre-build main-build 
a9-linaro-pre-build-step
' '
make: Nothing to be done for `main-build'.
20:21:15 **** Auto Build of configuration Debug for project lab_3B ****
make pre-build main-build 
a9-linaro-pre-build-step
' '
'Building file: ../lab3_coprocessor.c'
'Invoking: ARM v7 gcc compiler'
arm-none-eabi-gcc -Wall -O0 -g3 -c -fmessage-length=0 -MT"lab3_coprocessor.o" -mcpu=cortex-a9 -mfpu=vfpv3 -mfloat-abi=hard -I../../lab_3B_bsp/ps7_cortexa9_0/include -MMD -MP -MF"lab3_coprocessor.d" -MT"lab3_coprocessor.o" -o "lab3_coprocessor.o" "../lab3_coprocessor.c"
'Finished building: ../lab3_coprocessor.c'
' '
'Building target: lab_3B.elf'
'Invoking: ARM v7 gcc linker'
arm-none-eabi-gcc -mcpu=cortex-a9 -mfpu=vfpv3 -mfloat-abi=hard -Wl,-build-id=none -specs=Xilinx.spec -Wl,-T -Wl,../src/lscript.ld -L../../lab_3B_bsp/ps7_cortexa9_0/lib -o "lab_3B.elf"  ./lab3_coprocessor.o   -Wl,--start-group,-lxil,-lgcc,-lc,--end-group
'Finished building target: lab_3B.elf'
' '
'Invoking: ARM v7 Print Size'
arm-none-eabi-size lab_3B.elf  |tee "lab_3B.elf.size"
   text	   data	    bss	    dec	    hex	filename
  31840	   1212	  24312	  57364	   e014	lab_3B.elf
'Finished building: lab_3B.elf.size'
' '
20:21:18 **** Incremental Build of configuration Debug for project lab_3B ****
make pre-build main-build 
a9-linaro-pre-build-step
' '
make: Nothing to be done for `main-build'.
20:21:28 **** Incremental Build of configuration Debug for project lab_3B ****
make pre-build main-build 
a9-linaro-pre-build-step
' '
make: Nothing to be done for `main-build'.
20:21:41 **** Auto Build of configuration Debug for project lab_3B ****
make pre-build main-build 
a9-linaro-pre-build-step
' '
'Building file: ../lab3_coprocessor.c'
'Invoking: ARM v7 gcc compiler'
arm-none-eabi-gcc -Wall -O0 -g3 -c -fmessage-length=0 -MT"lab3_coprocessor.o" -mcpu=cortex-a9 -mfpu=vfpv3 -mfloat-abi=hard -I../../lab_3B_bsp/ps7_cortexa9_0/include -MMD -MP -MF"lab3_coprocessor.d" -MT"lab3_coprocessor.o" -o "lab3_coprocessor.o" "../lab3_coprocessor.c"
'Finished building: ../lab3_coprocessor.c'
' '
'Building target: lab_3B.elf'
'Invoking: ARM v7 gcc linker'
arm-none-eabi-gcc -mcpu=cortex-a9 -mfpu=vfpv3 -mfloat-abi=hard -Wl,-build-id=none -specs=Xilinx.spec -Wl,-T -Wl,../src/lscript.ld -L../../lab_3B_bsp/ps7_cortexa9_0/lib -o "lab_3B.elf"  ./lab3_coprocessor.o   -Wl,--start-group,-lxil,-lgcc,-lc,--end-group
'Finished building target: lab_3B.elf'
' '
'Invoking: ARM v7 Print Size'
arm-none-eabi-size lab_3B.elf  |tee "lab_3B.elf.size"
   text	   data	    bss	    dec	    hex	filename
  31840	   1212	  24312	  57364	   e014	lab_3B.elf
'Finished building: lab_3B.elf.size'
' '
20:21:44 **** Incremental Build of configuration Debug for project lab_3B ****
make pre-build main-build 
a9-linaro-pre-build-step
' '
make: Nothing to be done for `main-build'.
20:21:54 **** Incremental Build of configuration Debug for project lab_3B ****
make pre-build main-build 
a9-linaro-pre-build-step
' '
make: Nothing to be done for `main-build'.
20:22:04 **** Auto Build of configuration Debug for project lab_3B ****
make pre-build main-build 
a9-linaro-pre-build-step
' '
'Building file: ../lab3_coprocessor.c'
'Invoking: ARM v7 gcc compiler'
arm-none-eabi-gcc -Wall -O0 -g3 -c -fmessage-length=0 -MT"lab3_coprocessor.o" -mcpu=cortex-a9 -mfpu=vfpv3 -mfloat-abi=hard -I../../lab_3B_bsp/ps7_cortexa9_0/include -MMD -MP -MF"lab3_coprocessor.d" -MT"lab3_coprocessor.o" -o "lab3_coprocessor.o" "../lab3_coprocessor.c"
'Finished building: ../lab3_coprocessor.c'
' '
'Building target: lab_3B.elf'
'Invoking: ARM v7 gcc linker'
arm-none-eabi-gcc -mcpu=cortex-a9 -mfpu=vfpv3 -mfloat-abi=hard -Wl,-build-id=none -specs=Xilinx.spec -Wl,-T -Wl,../src/lscript.ld -L../../lab_3B_bsp/ps7_cortexa9_0/lib -o "lab_3B.elf"  ./lab3_coprocessor.o   -Wl,--start-group,-lxil,-lgcc,-lc,--end-group
'Finished building target: lab_3B.elf'
' '
'Invoking: ARM v7 Print Size'
arm-none-eabi-size lab_3B.elf  |tee "lab_3B.elf.size"
   text	   data	    bss	    dec	    hex	filename
  31840	   1212	  24312	  57364	   e014	lab_3B.elf
'Finished building: lab_3B.elf.size'
' '
20:22:07 **** Incremental Build of configuration Debug for project lab_3B ****
make pre-build main-build 
a9-linaro-pre-build-step
' '
make: Nothing to be done for `main-build'.
20:22:48 **** Incremental Build of configuration Debug for project lab_3B ****
make pre-build main-build 
a9-linaro-pre-build-step
' '
make: Nothing to be done for `main-build'.
20:23:07 **** Incremental Build of configuration Debug for project lab_3B ****
make pre-build main-build 
a9-linaro-pre-build-step
' '
make: Nothing to be done for `main-build'.
20:23:25 **** Auto Build of configuration Debug for project lab_3B ****
make pre-build main-build 
a9-linaro-pre-build-step
' '
'Building file: ../lab3_coprocessor.c'
'Invoking: ARM v7 gcc compiler'
arm-none-eabi-gcc -Wall -O0 -g3 -c -fmessage-length=0 -MT"lab3_coprocessor.o" -mcpu=cortex-a9 -mfpu=vfpv3 -mfloat-abi=hard -I../../lab_3B_bsp/ps7_cortexa9_0/include -MMD -MP -MF"lab3_coprocessor.d" -MT"lab3_coprocessor.o" -o "lab3_coprocessor.o" "../lab3_coprocessor.c"
'Finished building: ../lab3_coprocessor.c'
' '
'Building target: lab_3B.elf'
'Invoking: ARM v7 gcc linker'
arm-none-eabi-gcc -mcpu=cortex-a9 -mfpu=vfpv3 -mfloat-abi=hard -Wl,-build-id=none -specs=Xilinx.spec -Wl,-T -Wl,../src/lscript.ld -L../../lab_3B_bsp/ps7_cortexa9_0/lib -o "lab_3B.elf"  ./lab3_coprocessor.o   -Wl,--start-group,-lxil,-lgcc,-lc,--end-group
'Finished building target: lab_3B.elf'
' '
'Invoking: ARM v7 Print Size'
arm-none-eabi-size lab_3B.elf  |tee "lab_3B.elf.size"
   text	   data	    bss	    dec	    hex	filename
  31840	   1212	  24312	  57364	   e014	lab_3B.elf
'Finished building: lab_3B.elf.size'
' '
20:23:29 **** Incremental Build of configuration Debug for project lab_3B ****
make pre-build main-build 
a9-linaro-pre-build-step
' '
make: Nothing to be done for `main-build'.
20:23:38 **** Auto Build of configuration Debug for project lab_3B ****
make pre-build main-build 
a9-linaro-pre-build-step
' '
'Building file: ../lab3_coprocessor.c'
'Invoking: ARM v7 gcc compiler'
arm-none-eabi-gcc -Wall -O0 -g3 -c -fmessage-length=0 -MT"lab3_coprocessor.o" -mcpu=cortex-a9 -mfpu=vfpv3 -mfloat-abi=hard -I../../lab_3B_bsp/ps7_cortexa9_0/include -MMD -MP -MF"lab3_coprocessor.d" -MT"lab3_coprocessor.o" -o "lab3_coprocessor.o" "../lab3_coprocessor.c"
'Finished building: ../lab3_coprocessor.c'
' '
'Building target: lab_3B.elf'
'Invoking: ARM v7 gcc linker'
arm-none-eabi-gcc -mcpu=cortex-a9 -mfpu=vfpv3 -mfloat-abi=hard -Wl,-build-id=none -specs=Xilinx.spec -Wl,-T -Wl,../src/lscript.ld -L../../lab_3B_bsp/ps7_cortexa9_0/lib -o "lab_3B.elf"  ./lab3_coprocessor.o   -Wl,--start-group,-lxil,-lgcc,-lc,--end-group
'Finished building target: lab_3B.elf'
' '
'Invoking: ARM v7 Print Size'
arm-none-eabi-size lab_3B.elf  |tee "lab_3B.elf.size"
   text	   data	    bss	    dec	    hex	filename
  31440	   1212	  24312	  56964	   de84	lab_3B.elf
'Finished building: lab_3B.elf.size'
' '
20:23:41 **** Incremental Build of configuration Debug for project lab_3B ****
make pre-build main-build 
a9-linaro-pre-build-step
' '
make: Nothing to be done for `main-build'.
20:23:52 **** Auto Build of configuration Debug for project lab_3B ****
make pre-build main-build 
a9-linaro-pre-build-step
' '
'Building file: ../lab3_coprocessor.c'
'Invoking: ARM v7 gcc compiler'
arm-none-eabi-gcc -Wall -O0 -g3 -c -fmessage-length=0 -MT"lab3_coprocessor.o" -mcpu=cortex-a9 -mfpu=vfpv3 -mfloat-abi=hard -I../../lab_3B_bsp/ps7_cortexa9_0/include -MMD -MP -MF"lab3_coprocessor.d" -MT"lab3_coprocessor.o" -o "lab3_coprocessor.o" "../lab3_coprocessor.c"
'Finished building: ../lab3_coprocessor.c'
' '
'Building target: lab_3B.elf'
'Invoking: ARM v7 gcc linker'
arm-none-eabi-gcc -mcpu=cortex-a9 -mfpu=vfpv3 -mfloat-abi=hard -Wl,-build-id=none -specs=Xilinx.spec -Wl,-T -Wl,../src/lscript.ld -L../../lab_3B_bsp/ps7_cortexa9_0/lib -o "lab_3B.elf"  ./lab3_coprocessor.o   -Wl,--start-group,-lxil,-lgcc,-lc,--end-group
'Finished building target: lab_3B.elf'
' '
'Invoking: ARM v7 Print Size'
arm-none-eabi-size lab_3B.elf  |tee "lab_3B.elf.size"
   text	   data	    bss	    dec	    hex	filename
  31840	   1212	  24312	  57364	   e014	lab_3B.elf
'Finished building: lab_3B.elf.size'
' '
20:23:55 **** Incremental Build of configuration Debug for project lab_3B ****
make pre-build main-build 
a9-linaro-pre-build-step
' '
make: Nothing to be done for `main-build'.
20:24:13 **** Incremental Build of configuration Debug for project lab_3B ****
make pre-build main-build 
a9-linaro-pre-build-step
' '
make: Nothing to be done for `main-build'.
20:24:39 **** Incremental Build of configuration Debug for project lab_3B ****
make pre-build main-build 
a9-linaro-pre-build-step
' '
make: Nothing to be done for `main-build'.
20:25:24 **** Auto Build of configuration Debug for project lab_3B ****
make pre-build main-build 
a9-linaro-pre-build-step
' '
'Building file: ../lab3_coprocessor.c'
'Invoking: ARM v7 gcc compiler'
arm-none-eabi-gcc -Wall -O0 -g3 -c -fmessage-length=0 -MT"lab3_coprocessor.o" -mcpu=cortex-a9 -mfpu=vfpv3 -mfloat-abi=hard -I../../lab_3B_bsp/ps7_cortexa9_0/include -MMD -MP -MF"lab3_coprocessor.d" -MT"lab3_coprocessor.o" -o "lab3_coprocessor.o" "../lab3_coprocessor.c"
'Finished building: ../lab3_coprocessor.c'
' '
'Building target: lab_3B.elf'
'Invoking: ARM v7 gcc linker'
arm-none-eabi-gcc -mcpu=cortex-a9 -mfpu=vfpv3 -mfloat-abi=hard -Wl,-build-id=none -specs=Xilinx.spec -Wl,-T -Wl,../src/lscript.ld -L../../lab_3B_bsp/ps7_cortexa9_0/lib -o "lab_3B.elf"  ./lab3_coprocessor.o   -Wl,--start-group,-lxil,-lgcc,-lc,--end-group
'Finished building target: lab_3B.elf'
' '
'Invoking: ARM v7 Print Size'
arm-none-eabi-size lab_3B.elf  |tee "lab_3B.elf.size"
   text	   data	    bss	    dec	    hex	filename
  31440	   1212	  24312	  56964	   de84	lab_3B.elf
'Finished building: lab_3B.elf.size'
' '
20:25:27 **** Incremental Build of configuration Debug for project lab_3B ****
make pre-build main-build 
a9-linaro-pre-build-step
' '
make: Nothing to be done for `main-build'.
20:25:36 **** Auto Build of configuration Debug for project lab_3B ****
make pre-build main-build 
a9-linaro-pre-build-step
' '
'Building file: ../lab3_coprocessor.c'
'Invoking: ARM v7 gcc compiler'
arm-none-eabi-gcc -Wall -O0 -g3 -c -fmessage-length=0 -MT"lab3_coprocessor.o" -mcpu=cortex-a9 -mfpu=vfpv3 -mfloat-abi=hard -I../../lab_3B_bsp/ps7_cortexa9_0/include -MMD -MP -MF"lab3_coprocessor.d" -MT"lab3_coprocessor.o" -o "lab3_coprocessor.o" "../lab3_coprocessor.c"
'Finished building: ../lab3_coprocessor.c'
' '
'Building target: lab_3B.elf'
'Invoking: ARM v7 gcc linker'
arm-none-eabi-gcc -mcpu=cortex-a9 -mfpu=vfpv3 -mfloat-abi=hard -Wl,-build-id=none -specs=Xilinx.spec -Wl,-T -Wl,../src/lscript.ld -L../../lab_3B_bsp/ps7_cortexa9_0/lib -o "lab_3B.elf"  ./lab3_coprocessor.o   -Wl,--start-group,-lxil,-lgcc,-lc,--end-group
'Finished building target: lab_3B.elf'
' '
'Invoking: ARM v7 Print Size'
arm-none-eabi-size lab_3B.elf  |tee "lab_3B.elf.size"
   text	   data	    bss	    dec	    hex	filename
  31840	   1212	  24312	  57364	   e014	lab_3B.elf
'Finished building: lab_3B.elf.size'
' '
20:25:39 **** Incremental Build of configuration Debug for project lab_3B ****
make pre-build main-build 
a9-linaro-pre-build-step
' '
make: Nothing to be done for `main-build'.
20:26:01 **** Incremental Build of configuration Debug for project lab_3B ****
make pre-build main-build 
a9-linaro-pre-build-step
' '
make: Nothing to be done for `main-build'.
20:26:16 **** Auto Build of configuration Debug for project lab_3B ****
make pre-build main-build 
a9-linaro-pre-build-step
' '
'Building file: ../lab3_coprocessor.c'
'Invoking: ARM v7 gcc compiler'
arm-none-eabi-gcc -Wall -O0 -g3 -c -fmessage-length=0 -MT"lab3_coprocessor.o" -mcpu=cortex-a9 -mfpu=vfpv3 -mfloat-abi=hard -I../../lab_3B_bsp/ps7_cortexa9_0/include -MMD -MP -MF"lab3_coprocessor.d" -MT"lab3_coprocessor.o" -o "lab3_coprocessor.o" "../lab3_coprocessor.c"
'Finished building: ../lab3_coprocessor.c'
' '
'Building target: lab_3B.elf'
'Invoking: ARM v7 gcc linker'
arm-none-eabi-gcc -mcpu=cortex-a9 -mfpu=vfpv3 -mfloat-abi=hard -Wl,-build-id=none -specs=Xilinx.spec -Wl,-T -Wl,../src/lscript.ld -L../../lab_3B_bsp/ps7_cortexa9_0/lib -o "lab_3B.elf"  ./lab3_coprocessor.o   -Wl,--start-group,-lxil,-lgcc,-lc,--end-group
'Finished building target: lab_3B.elf'
' '
'Invoking: ARM v7 Print Size'
arm-none-eabi-size lab_3B.elf  |tee "lab_3B.elf.size"
   text	   data	    bss	    dec	    hex	filename
  31840	   1212	  24312	  57364	   e014	lab_3B.elf
'Finished building: lab_3B.elf.size'
' '
20:26:19 **** Incremental Build of configuration Debug for project lab_3B ****
make pre-build main-build 
a9-linaro-pre-build-step
' '
make: Nothing to be done for `main-build'.
20:26:36 **** Auto Build of configuration Debug for project lab_3B ****
make pre-build main-build 
a9-linaro-pre-build-step
' '
'Building file: ../lab3_coprocessor.c'
'Invoking: ARM v7 gcc compiler'
arm-none-eabi-gcc -Wall -O0 -g3 -c -fmessage-length=0 -MT"lab3_coprocessor.o" -mcpu=cortex-a9 -mfpu=vfpv3 -mfloat-abi=hard -I../../lab_3B_bsp/ps7_cortexa9_0/include -MMD -MP -MF"lab3_coprocessor.d" -MT"lab3_coprocessor.o" -o "lab3_coprocessor.o" "../lab3_coprocessor.c"
'Finished building: ../lab3_coprocessor.c'
' '
'Building target: lab_3B.elf'
'Invoking: ARM v7 gcc linker'
arm-none-eabi-gcc -mcpu=cortex-a9 -mfpu=vfpv3 -mfloat-abi=hard -Wl,-build-id=none -specs=Xilinx.spec -Wl,-T -Wl,../src/lscript.ld -L../../lab_3B_bsp/ps7_cortexa9_0/lib -o "lab_3B.elf"  ./lab3_coprocessor.o   -Wl,--start-group,-lxil,-lgcc,-lc,--end-group
'Finished building target: lab_3B.elf'
' '
'Invoking: ARM v7 Print Size'
arm-none-eabi-size lab_3B.elf  |tee "lab_3B.elf.size"
   text	   data	    bss	    dec	    hex	filename
  31840	   1212	  24312	  57364	   e014	lab_3B.elf
'Finished building: lab_3B.elf.size'
' '
20:26:40 **** Incremental Build of configuration Debug for project lab_3B ****
make pre-build main-build 
a9-linaro-pre-build-step
' '
make: Nothing to be done for `main-build'.
20:27:00 **** Auto Build of configuration Debug for project lab_3B ****
make pre-build main-build 
a9-linaro-pre-build-step
' '
'Building file: ../lab3_coprocessor.c'
'Invoking: ARM v7 gcc compiler'
arm-none-eabi-gcc -Wall -O0 -g3 -c -fmessage-length=0 -MT"lab3_coprocessor.o" -mcpu=cortex-a9 -mfpu=vfpv3 -mfloat-abi=hard -I../../lab_3B_bsp/ps7_cortexa9_0/include -MMD -MP -MF"lab3_coprocessor.d" -MT"lab3_coprocessor.o" -o "lab3_coprocessor.o" "../lab3_coprocessor.c"
'Finished building: ../lab3_coprocessor.c'
' '
'Building target: lab_3B.elf'
'Invoking: ARM v7 gcc linker'
arm-none-eabi-gcc -mcpu=cortex-a9 -mfpu=vfpv3 -mfloat-abi=hard -Wl,-build-id=none -specs=Xilinx.spec -Wl,-T -Wl,../src/lscript.ld -L../../lab_3B_bsp/ps7_cortexa9_0/lib -o "lab_3B.elf"  ./lab3_coprocessor.o   -Wl,--start-group,-lxil,-lgcc,-lc,--end-group
'Finished building target: lab_3B.elf'
' '
'Invoking: ARM v7 Print Size'
arm-none-eabi-size lab_3B.elf  |tee "lab_3B.elf.size"
   text	   data	    bss	    dec	    hex	filename
  31440	   1212	  24312	  56964	   de84	lab_3B.elf
'Finished building: lab_3B.elf.size'
' '
20:27:04 **** Incremental Build of configuration Debug for project lab_3B ****
make pre-build main-build 
a9-linaro-pre-build-step
' '
make: Nothing to be done for `main-build'.
20:27:19 **** Auto Build of configuration Debug for project lab_3B ****
make pre-build main-build 
a9-linaro-pre-build-step
' '
'Building file: ../lab3_coprocessor.c'
'Invoking: ARM v7 gcc compiler'
arm-none-eabi-gcc -Wall -O0 -g3 -c -fmessage-length=0 -MT"lab3_coprocessor.o" -mcpu=cortex-a9 -mfpu=vfpv3 -mfloat-abi=hard -I../../lab_3B_bsp/ps7_cortexa9_0/include -MMD -MP -MF"lab3_coprocessor.d" -MT"lab3_coprocessor.o" -o "lab3_coprocessor.o" "../lab3_coprocessor.c"
'Finished building: ../lab3_coprocessor.c'
' '
'Building target: lab_3B.elf'
'Invoking: ARM v7 gcc linker'
arm-none-eabi-gcc -mcpu=cortex-a9 -mfpu=vfpv3 -mfloat-abi=hard -Wl,-build-id=none -specs=Xilinx.spec -Wl,-T -Wl,../src/lscript.ld -L../../lab_3B_bsp/ps7_cortexa9_0/lib -o "lab_3B.elf"  ./lab3_coprocessor.o   -Wl,--start-group,-lxil,-lgcc,-lc,--end-group
'Finished building target: lab_3B.elf'
' '
'Invoking: ARM v7 Print Size'
arm-none-eabi-size lab_3B.elf  |tee "lab_3B.elf.size"
   text	   data	    bss	    dec	    hex	filename
  31840	   1212	  24312	  57364	   e014	lab_3B.elf
'Finished building: lab_3B.elf.size'
' '
20:27:22 **** Incremental Build of configuration Debug for project lab_3B ****
make pre-build main-build 
a9-linaro-pre-build-step
' '
make: Nothing to be done for `main-build'.
20:27:58 **** Auto Build of configuration Debug for project lab_3B ****
make pre-build main-build 
a9-linaro-pre-build-step
' '
'Building file: ../lab3_coprocessor.c'
'Invoking: ARM v7 gcc compiler'
arm-none-eabi-gcc -Wall -O0 -g3 -c -fmessage-length=0 -MT"lab3_coprocessor.o" -mcpu=cortex-a9 -mfpu=vfpv3 -mfloat-abi=hard -I../../lab_3B_bsp/ps7_cortexa9_0/include -MMD -MP -MF"lab3_coprocessor.d" -MT"lab3_coprocessor.o" -o "lab3_coprocessor.o" "../lab3_coprocessor.c"
'Finished building: ../lab3_coprocessor.c'
' '
'Building target: lab_3B.elf'
'Invoking: ARM v7 gcc linker'
arm-none-eabi-gcc -mcpu=cortex-a9 -mfpu=vfpv3 -mfloat-abi=hard -Wl,-build-id=none -specs=Xilinx.spec -Wl,-T -Wl,../src/lscript.ld -L../../lab_3B_bsp/ps7_cortexa9_0/lib -o "lab_3B.elf"  ./lab3_coprocessor.o   -Wl,--start-group,-lxil,-lgcc,-lc,--end-group
'Finished building target: lab_3B.elf'
' '
'Invoking: ARM v7 Print Size'
arm-none-eabi-size lab_3B.elf  |tee "lab_3B.elf.size"
   text	   data	    bss	    dec	    hex	filename
  31840	   1212	  24312	  57364	   e014	lab_3B.elf
'Finished building: lab_3B.elf.size'
' '
20:28:01 **** Incremental Build of configuration Debug for project lab_3B ****
make pre-build main-build 
a9-linaro-pre-build-step
' '
make: Nothing to be done for `main-build'.
20:28:20 **** Incremental Build of configuration Debug for project lab_3B ****
make pre-build main-build 
a9-linaro-pre-build-step
' '
make: Nothing to be done for `main-build'.
20:47:46 **** Auto Build of configuration Debug for project lab_3B ****
make pre-build main-build 
a9-linaro-pre-build-step
' '
'Building file: ../lab3_coprocessor.c'
'Invoking: ARM v7 gcc compiler'
arm-none-eabi-gcc -Wall -O0 -g3 -c -fmessage-length=0 -MT"lab3_coprocessor.o" -mcpu=cortex-a9 -mfpu=vfpv3 -mfloat-abi=hard -I../../lab_3B_bsp/ps7_cortexa9_0/include -MMD -MP -MF"lab3_coprocessor.d" -MT"lab3_coprocessor.o" -o "lab3_coprocessor.o" "../lab3_coprocessor.c"
'Finished building: ../lab3_coprocessor.c'
' '
'Building target: lab_3B.elf'
'Invoking: ARM v7 gcc linker'
arm-none-eabi-gcc -mcpu=cortex-a9 -mfpu=vfpv3 -mfloat-abi=hard -Wl,-build-id=none -specs=Xilinx.spec -Wl,-T -Wl,../src/lscript.ld -L../../lab_3B_bsp/ps7_cortexa9_0/lib -o "lab_3B.elf"  ./lab3_coprocessor.o   -Wl,--start-group,-lxil,-lgcc,-lc,--end-group
'Finished building target: lab_3B.elf'
' '
'Invoking: ARM v7 Print Size'
arm-none-eabi-size lab_3B.elf  |tee "lab_3B.elf.size"
   text	   data	    bss	    dec	    hex	filename
  31840	   1212	  24312	  57364	   e014	lab_3B.elf
'Finished building: lab_3B.elf.size'
' '
20:47:50 **** Incremental Build of configuration Debug for project lab_3B ****
make pre-build main-build 
a9-linaro-pre-build-step
' '
make: Nothing to be done for `main-build'.
20:48:05 **** Auto Build of configuration Debug for project lab_3B ****
make pre-build main-build 
a9-linaro-pre-build-step
' '
'Building file: ../lab3_coprocessor.c'
'Invoking: ARM v7 gcc compiler'
arm-none-eabi-gcc -Wall -O0 -g3 -c -fmessage-length=0 -MT"lab3_coprocessor.o" -mcpu=cortex-a9 -mfpu=vfpv3 -mfloat-abi=hard -I../../lab_3B_bsp/ps7_cortexa9_0/include -MMD -MP -MF"lab3_coprocessor.d" -MT"lab3_coprocessor.o" -o "lab3_coprocessor.o" "../lab3_coprocessor.c"
'Finished building: ../lab3_coprocessor.c'
' '
'Building target: lab_3B.elf'
'Invoking: ARM v7 gcc linker'
arm-none-eabi-gcc -mcpu=cortex-a9 -mfpu=vfpv3 -mfloat-abi=hard -Wl,-build-id=none -specs=Xilinx.spec -Wl,-T -Wl,../src/lscript.ld -L../../lab_3B_bsp/ps7_cortexa9_0/lib -o "lab_3B.elf"  ./lab3_coprocessor.o   -Wl,--start-group,-lxil,-lgcc,-lc,--end-group
'Finished building target: lab_3B.elf'
' '
'Invoking: ARM v7 Print Size'
arm-none-eabi-size lab_3B.elf  |tee "lab_3B.elf.size"
   text	   data	    bss	    dec	    hex	filename
  31840	   1212	  24312	  57364	   e014	lab_3B.elf
'Finished building: lab_3B.elf.size'
' '
20:48:08 **** Incremental Build of configuration Debug for project lab_3B ****
make pre-build main-build 
a9-linaro-pre-build-step
' '
make: Nothing to be done for `main-build'.
20:48:22 **** Auto Build of configuration Debug for project lab_3B ****
make pre-build main-build 
a9-linaro-pre-build-step
' '
'Building file: ../lab3_coprocessor.c'
'Invoking: ARM v7 gcc compiler'
arm-none-eabi-gcc -Wall -O0 -g3 -c -fmessage-length=0 -MT"lab3_coprocessor.o" -mcpu=cortex-a9 -mfpu=vfpv3 -mfloat-abi=hard -I../../lab_3B_bsp/ps7_cortexa9_0/include -MMD -MP -MF"lab3_coprocessor.d" -MT"lab3_coprocessor.o" -o "lab3_coprocessor.o" "../lab3_coprocessor.c"
'Finished building: ../lab3_coprocessor.c'
' '
'Building target: lab_3B.elf'
'Invoking: ARM v7 gcc linker'
arm-none-eabi-gcc -mcpu=cortex-a9 -mfpu=vfpv3 -mfloat-abi=hard -Wl,-build-id=none -specs=Xilinx.spec -Wl,-T -Wl,../src/lscript.ld -L../../lab_3B_bsp/ps7_cortexa9_0/lib -o "lab_3B.elf"  ./lab3_coprocessor.o   -Wl,--start-group,-lxil,-lgcc,-lc,--end-group
'Finished building target: lab_3B.elf'
' '
'Invoking: ARM v7 Print Size'
arm-none-eabi-size lab_3B.elf  |tee "lab_3B.elf.size"
   text	   data	    bss	    dec	    hex	filename
  31840	   1212	  24312	  57364	   e014	lab_3B.elf
'Finished building: lab_3B.elf.size'
' '
20:48:25 **** Incremental Build of configuration Debug for project lab_3B ****
make pre-build main-build 
a9-linaro-pre-build-step
' '
make: Nothing to be done for `main-build'.
20:52:04 **** Auto Build of configuration Debug for project lab_3B ****
make pre-build main-build 
a9-linaro-pre-build-step
' '
'Building file: ../lab3_coprocessor.c'
'Invoking: ARM v7 gcc compiler'
arm-none-eabi-gcc -Wall -O0 -g3 -c -fmessage-length=0 -MT"lab3_coprocessor.o" -mcpu=cortex-a9 -mfpu=vfpv3 -mfloat-abi=hard -I../../lab_3B_bsp/ps7_cortexa9_0/include -MMD -MP -MF"lab3_coprocessor.d" -MT"lab3_coprocessor.o" -o "lab3_coprocessor.o" "../lab3_coprocessor.c"
'Finished building: ../lab3_coprocessor.c'
' '
'Building target: lab_3B.elf'
'Invoking: ARM v7 gcc linker'
arm-none-eabi-gcc -mcpu=cortex-a9 -mfpu=vfpv3 -mfloat-abi=hard -Wl,-build-id=none -specs=Xilinx.spec -Wl,-T -Wl,../src/lscript.ld -L../../lab_3B_bsp/ps7_cortexa9_0/lib -o "lab_3B.elf"  ./lab3_coprocessor.o   -Wl,--start-group,-lxil,-lgcc,-lc,--end-group
'Finished building target: lab_3B.elf'
' '
'Invoking: ARM v7 Print Size'
arm-none-eabi-size lab_3B.elf  |tee "lab_3B.elf.size"
   text	   data	    bss	    dec	    hex	filename
  31840	   1212	  24312	  57364	   e014	lab_3B.elf
'Finished building: lab_3B.elf.size'
' '
20:52:07 **** Incremental Build of configuration Debug for project lab_3B ****
make pre-build main-build 
a9-linaro-pre-build-step
' '
make: Nothing to be done for `main-build'.
20:52:19 **** Auto Build of configuration Debug for project lab_3B ****
make pre-build main-build 
a9-linaro-pre-build-step
' '
'Building file: ../lab3_coprocessor.c'
'Invoking: ARM v7 gcc compiler'
arm-none-eabi-gcc -Wall -O0 -g3 -c -fmessage-length=0 -MT"lab3_coprocessor.o" -mcpu=cortex-a9 -mfpu=vfpv3 -mfloat-abi=hard -I../../lab_3B_bsp/ps7_cortexa9_0/include -MMD -MP -MF"lab3_coprocessor.d" -MT"lab3_coprocessor.o" -o "lab3_coprocessor.o" "../lab3_coprocessor.c"
'Finished building: ../lab3_coprocessor.c'
' '
'Building target: lab_3B.elf'
'Invoking: ARM v7 gcc linker'
arm-none-eabi-gcc -mcpu=cortex-a9 -mfpu=vfpv3 -mfloat-abi=hard -Wl,-build-id=none -specs=Xilinx.spec -Wl,-T -Wl,../src/lscript.ld -L../../lab_3B_bsp/ps7_cortexa9_0/lib -o "lab_3B.elf"  ./lab3_coprocessor.o   -Wl,--start-group,-lxil,-lgcc,-lc,--end-group
'Finished building target: lab_3B.elf'
' '
'Invoking: ARM v7 Print Size'
arm-none-eabi-size lab_3B.elf  |tee "lab_3B.elf.size"
   text	   data	    bss	    dec	    hex	filename
  31840	   1212	  24312	  57364	   e014	lab_3B.elf
'Finished building: lab_3B.elf.size'
' '
20:52:23 **** Incremental Build of configuration Debug for project lab_3B ****
make pre-build main-build 
a9-linaro-pre-build-step
' '
make: Nothing to be done for `main-build'.
20:52:51 **** Auto Build of configuration Debug for project lab_3B ****
make pre-build main-build 
a9-linaro-pre-build-step
' '
'Building file: ../lab3_coprocessor.c'
'Invoking: ARM v7 gcc compiler'
arm-none-eabi-gcc -Wall -O0 -g3 -c -fmessage-length=0 -MT"lab3_coprocessor.o" -mcpu=cortex-a9 -mfpu=vfpv3 -mfloat-abi=hard -I../../lab_3B_bsp/ps7_cortexa9_0/include -MMD -MP -MF"lab3_coprocessor.d" -MT"lab3_coprocessor.o" -o "lab3_coprocessor.o" "../lab3_coprocessor.c"
'Finished building: ../lab3_coprocessor.c'
' '
'Building target: lab_3B.elf'
'Invoking: ARM v7 gcc linker'
arm-none-eabi-gcc -mcpu=cortex-a9 -mfpu=vfpv3 -mfloat-abi=hard -Wl,-build-id=none -specs=Xilinx.spec -Wl,-T -Wl,../src/lscript.ld -L../../lab_3B_bsp/ps7_cortexa9_0/lib -o "lab_3B.elf"  ./lab3_coprocessor.o   -Wl,--start-group,-lxil,-lgcc,-lc,--end-group
'Finished building target: lab_3B.elf'
' '
'Invoking: ARM v7 Print Size'
arm-none-eabi-size lab_3B.elf  |tee "lab_3B.elf.size"
   text	   data	    bss	    dec	    hex	filename
  31840	   1212	  24312	  57364	   e014	lab_3B.elf
'Finished building: lab_3B.elf.size'
' '
20:52:54 **** Incremental Build of configuration Debug for project lab_3B ****
make pre-build main-build 
a9-linaro-pre-build-step
' '
make: Nothing to be done for `main-build'.
20:56:32 **** Auto Build of configuration Debug for project lab_3B ****
make pre-build main-build 
a9-linaro-pre-build-step
' '
'Building file: ../lab3_coprocessor.c'
'Invoking: ARM v7 gcc compiler'
arm-none-eabi-gcc -Wall -O0 -g3 -c -fmessage-length=0 -MT"lab3_coprocessor.o" -mcpu=cortex-a9 -mfpu=vfpv3 -mfloat-abi=hard -I../../lab_3B_bsp/ps7_cortexa9_0/include -MMD -MP -MF"lab3_coprocessor.d" -MT"lab3_coprocessor.o" -o "lab3_coprocessor.o" "../lab3_coprocessor.c"
'Finished building: ../lab3_coprocessor.c'
' '
'Building target: lab_3B.elf'
'Invoking: ARM v7 gcc linker'
arm-none-eabi-gcc -mcpu=cortex-a9 -mfpu=vfpv3 -mfloat-abi=hard -Wl,-build-id=none -specs=Xilinx.spec -Wl,-T -Wl,../src/lscript.ld -L../../lab_3B_bsp/ps7_cortexa9_0/lib -o "lab_3B.elf"  ./lab3_coprocessor.o   -Wl,--start-group,-lxil,-lgcc,-lc,--end-group
'Finished building target: lab_3B.elf'
' '
'Invoking: ARM v7 Print Size'
arm-none-eabi-size lab_3B.elf  |tee "lab_3B.elf.size"
   text	   data	    bss	    dec	    hex	filename
  31840	   1212	  24312	  57364	   e014	lab_3B.elf
'Finished building: lab_3B.elf.size'
' '
20:56:35 **** Incremental Build of configuration Debug for project lab_3B ****
make pre-build main-build 
a9-linaro-pre-build-step
' '
make: Nothing to be done for `main-build'.
20:56:48 **** Auto Build of configuration Debug for project lab_3B ****
make pre-build main-build 
a9-linaro-pre-build-step
' '
'Building file: ../lab3_coprocessor.c'
'Invoking: ARM v7 gcc compiler'
arm-none-eabi-gcc -Wall -O0 -g3 -c -fmessage-length=0 -MT"lab3_coprocessor.o" -mcpu=cortex-a9 -mfpu=vfpv3 -mfloat-abi=hard -I../../lab_3B_bsp/ps7_cortexa9_0/include -MMD -MP -MF"lab3_coprocessor.d" -MT"lab3_coprocessor.o" -o "lab3_coprocessor.o" "../lab3_coprocessor.c"
'Finished building: ../lab3_coprocessor.c'
' '
'Building target: lab_3B.elf'
'Invoking: ARM v7 gcc linker'
arm-none-eabi-gcc -mcpu=cortex-a9 -mfpu=vfpv3 -mfloat-abi=hard -Wl,-build-id=none -specs=Xilinx.spec -Wl,-T -Wl,../src/lscript.ld -L../../lab_3B_bsp/ps7_cortexa9_0/lib -o "lab_3B.elf"  ./lab3_coprocessor.o   -Wl,--start-group,-lxil,-lgcc,-lc,--end-group
'Finished building target: lab_3B.elf'
' '
'Invoking: ARM v7 Print Size'
arm-none-eabi-size lab_3B.elf  |tee "lab_3B.elf.size"
   text	   data	    bss	    dec	    hex	filename
  31840	   1212	  24312	  57364	   e014	lab_3B.elf
'Finished building: lab_3B.elf.size'
' '
20:57:12 **** Auto Build of configuration Debug for project lab_3B ****
make pre-build main-build 
a9-linaro-pre-build-step
' '
'Building file: ../lab3_coprocessor.c'
'Invoking: ARM v7 gcc compiler'
arm-none-eabi-gcc -Wall -O0 -g3 -c -fmessage-length=0 -MT"lab3_coprocessor.o" -mcpu=cortex-a9 -mfpu=vfpv3 -mfloat-abi=hard -I../../lab_3B_bsp/ps7_cortexa9_0/include -MMD -MP -MF"lab3_coprocessor.d" -MT"lab3_coprocessor.o" -o "lab3_coprocessor.o" "../lab3_coprocessor.c"
'Finished building: ../lab3_coprocessor.c'
' '
'Building target: lab_3B.elf'
'Invoking: ARM v7 gcc linker'
arm-none-eabi-gcc -mcpu=cortex-a9 -mfpu=vfpv3 -mfloat-abi=hard -Wl,-build-id=none -specs=Xilinx.spec -Wl,-T -Wl,../src/lscript.ld -L../../lab_3B_bsp/ps7_cortexa9_0/lib -o "lab_3B.elf"  ./lab3_coprocessor.o   -Wl,--start-group,-lxil,-lgcc,-lc,--end-group
'Finished building target: lab_3B.elf'
' '
'Invoking: ARM v7 Print Size'
arm-none-eabi-size lab_3B.elf  |tee "lab_3B.elf.size"
   text	   data	    bss	    dec	    hex	filename
  31840	   1212	  24312	  57364	   e014	lab_3B.elf
'Finished building: lab_3B.elf.size'
' '
20:57:20 **** Incremental Build of configuration Debug for project lab_3B ****
make pre-build main-build 
a9-linaro-pre-build-step
' '
make: Nothing to be done for `main-build'.
20:58:08 **** Auto Build of configuration Debug for project lab_3B ****
make pre-build main-build 
a9-linaro-pre-build-step
' '
'Building file: ../lab3_coprocessor.c'
'Invoking: ARM v7 gcc compiler'
arm-none-eabi-gcc -Wall -O0 -g3 -c -fmessage-length=0 -MT"lab3_coprocessor.o" -mcpu=cortex-a9 -mfpu=vfpv3 -mfloat-abi=hard -I../../lab_3B_bsp/ps7_cortexa9_0/include -MMD -MP -MF"lab3_coprocessor.d" -MT"lab3_coprocessor.o" -o "lab3_coprocessor.o" "../lab3_coprocessor.c"
'Finished building: ../lab3_coprocessor.c'
' '
'Building target: lab_3B.elf'
'Invoking: ARM v7 gcc linker'
arm-none-eabi-gcc -mcpu=cortex-a9 -mfpu=vfpv3 -mfloat-abi=hard -Wl,-build-id=none -specs=Xilinx.spec -Wl,-T -Wl,../src/lscript.ld -L../../lab_3B_bsp/ps7_cortexa9_0/lib -o "lab_3B.elf"  ./lab3_coprocessor.o   -Wl,--start-group,-lxil,-lgcc,-lc,--end-group
'Finished building target: lab_3B.elf'
' '
'Invoking: ARM v7 Print Size'
arm-none-eabi-size lab_3B.elf  |tee "lab_3B.elf.size"
   text	   data	    bss	    dec	    hex	filename
  31840	   1212	  24312	  57364	   e014	lab_3B.elf
'Finished building: lab_3B.elf.size'
' '
20:58:11 **** Incremental Build of configuration Debug for project lab_3B ****
make pre-build main-build 
a9-linaro-pre-build-step
' '
make: Nothing to be done for `main-build'.
20:58:29 **** Auto Build of configuration Debug for project lab_3B ****
make pre-build main-build 
a9-linaro-pre-build-step
' '
'Building file: ../lab3_coprocessor.c'
'Invoking: ARM v7 gcc compiler'
arm-none-eabi-gcc -Wall -O0 -g3 -c -fmessage-length=0 -MT"lab3_coprocessor.o" -mcpu=cortex-a9 -mfpu=vfpv3 -mfloat-abi=hard -I../../lab_3B_bsp/ps7_cortexa9_0/include -MMD -MP -MF"lab3_coprocessor.d" -MT"lab3_coprocessor.o" -o "lab3_coprocessor.o" "../lab3_coprocessor.c"
'Finished building: ../lab3_coprocessor.c'
' '
'Building target: lab_3B.elf'
'Invoking: ARM v7 gcc linker'
arm-none-eabi-gcc -mcpu=cortex-a9 -mfpu=vfpv3 -mfloat-abi=hard -Wl,-build-id=none -specs=Xilinx.spec -Wl,-T -Wl,../src/lscript.ld -L../../lab_3B_bsp/ps7_cortexa9_0/lib -o "lab_3B.elf"  ./lab3_coprocessor.o   -Wl,--start-group,-lxil,-lgcc,-lc,--end-group
'Finished building target: lab_3B.elf'
' '
'Invoking: ARM v7 Print Size'
arm-none-eabi-size lab_3B.elf  |tee "lab_3B.elf.size"
   text	   data	    bss	    dec	    hex	filename
  31840	   1212	  24312	  57364	   e014	lab_3B.elf
'Finished building: lab_3B.elf.size'
' '
20:58:33 **** Incremental Build of configuration Debug for project lab_3B ****
make pre-build main-build 
a9-linaro-pre-build-step
' '
make: Nothing to be done for `main-build'.
20:59:05 **** Auto Build of configuration Debug for project lab_3B ****
make pre-build main-build 
a9-linaro-pre-build-step
' '
'Building file: ../lab3_coprocessor.c'
'Invoking: ARM v7 gcc compiler'
arm-none-eabi-gcc -Wall -O0 -g3 -c -fmessage-length=0 -MT"lab3_coprocessor.o" -mcpu=cortex-a9 -mfpu=vfpv3 -mfloat-abi=hard -I../../lab_3B_bsp/ps7_cortexa9_0/include -MMD -MP -MF"lab3_coprocessor.d" -MT"lab3_coprocessor.o" -o "lab3_coprocessor.o" "../lab3_coprocessor.c"
'Finished building: ../lab3_coprocessor.c'
' '
'Building target: lab_3B.elf'
'Invoking: ARM v7 gcc linker'
arm-none-eabi-gcc -mcpu=cortex-a9 -mfpu=vfpv3 -mfloat-abi=hard -Wl,-build-id=none -specs=Xilinx.spec -Wl,-T -Wl,../src/lscript.ld -L../../lab_3B_bsp/ps7_cortexa9_0/lib -o "lab_3B.elf"  ./lab3_coprocessor.o   -Wl,--start-group,-lxil,-lgcc,-lc,--end-group
'Finished building target: lab_3B.elf'
' '
'Invoking: ARM v7 Print Size'
arm-none-eabi-size lab_3B.elf  |tee "lab_3B.elf.size"
   text	   data	    bss	    dec	    hex	filename
  31840	   1212	  24312	  57364	   e014	lab_3B.elf
'Finished building: lab_3B.elf.size'
' '
20:59:08 **** Incremental Build of configuration Debug for project lab_3B ****
make pre-build main-build 
a9-linaro-pre-build-step
' '
make: Nothing to be done for `main-build'.
21:00:16 **** Auto Build of configuration Debug for project lab_3B ****
make pre-build main-build 
a9-linaro-pre-build-step
' '
'Building file: ../lab3_coprocessor.c'
'Invoking: ARM v7 gcc compiler'
arm-none-eabi-gcc -Wall -O0 -g3 -c -fmessage-length=0 -MT"lab3_coprocessor.o" -mcpu=cortex-a9 -mfpu=vfpv3 -mfloat-abi=hard -I../../lab_3B_bsp/ps7_cortexa9_0/include -MMD -MP -MF"lab3_coprocessor.d" -MT"lab3_coprocessor.o" -o "lab3_coprocessor.o" "../lab3_coprocessor.c"
'Finished building: ../lab3_coprocessor.c'
' '
'Building target: lab_3B.elf'
'Invoking: ARM v7 gcc linker'
arm-none-eabi-gcc -mcpu=cortex-a9 -mfpu=vfpv3 -mfloat-abi=hard -Wl,-build-id=none -specs=Xilinx.spec -Wl,-T -Wl,../src/lscript.ld -L../../lab_3B_bsp/ps7_cortexa9_0/lib -o "lab_3B.elf"  ./lab3_coprocessor.o   -Wl,--start-group,-lxil,-lgcc,-lc,--end-group
'Finished building target: lab_3B.elf'
' '
'Invoking: ARM v7 Print Size'
arm-none-eabi-size lab_3B.elf  |tee "lab_3B.elf.size"
   text	   data	    bss	    dec	    hex	filename
  31840	   1212	  24312	  57364	   e014	lab_3B.elf
'Finished building: lab_3B.elf.size'
' '
21:00:19 **** Incremental Build of configuration Debug for project lab_3B ****
make pre-build main-build 
a9-linaro-pre-build-step
' '
make: Nothing to be done for `main-build'.
21:01:43 **** Auto Build of configuration Debug for project lab_3B ****
make pre-build main-build 
a9-linaro-pre-build-step
' '
'Building file: ../lab3_coprocessor.c'
'Invoking: ARM v7 gcc compiler'
arm-none-eabi-gcc -Wall -O0 -g3 -c -fmessage-length=0 -MT"lab3_coprocessor.o" -mcpu=cortex-a9 -mfpu=vfpv3 -mfloat-abi=hard -I../../lab_3B_bsp/ps7_cortexa9_0/include -MMD -MP -MF"lab3_coprocessor.d" -MT"lab3_coprocessor.o" -o "lab3_coprocessor.o" "../lab3_coprocessor.c"
'Finished building: ../lab3_coprocessor.c'
' '
'Building target: lab_3B.elf'
'Invoking: ARM v7 gcc linker'
arm-none-eabi-gcc -mcpu=cortex-a9 -mfpu=vfpv3 -mfloat-abi=hard -Wl,-build-id=none -specs=Xilinx.spec -Wl,-T -Wl,../src/lscript.ld -L../../lab_3B_bsp/ps7_cortexa9_0/lib -o "lab_3B.elf"  ./lab3_coprocessor.o   -Wl,--start-group,-lxil,-lgcc,-lc,--end-group
'Finished building target: lab_3B.elf'
' '
'Invoking: ARM v7 Print Size'
arm-none-eabi-size lab_3B.elf  |tee "lab_3B.elf.size"
   text	   data	    bss	    dec	    hex	filename
  31840	   1212	  24312	  57364	   e014	lab_3B.elf
'Finished building: lab_3B.elf.size'
' '
21:02:37 **** Auto Build of configuration Debug for project lab_3B ****
make pre-build main-build 
a9-linaro-pre-build-step
' '
'Building file: ../lab3_coprocessor.c'
'Invoking: ARM v7 gcc compiler'
arm-none-eabi-gcc -Wall -O0 -g3 -c -fmessage-length=0 -MT"lab3_coprocessor.o" -mcpu=cortex-a9 -mfpu=vfpv3 -mfloat-abi=hard -I../../lab_3B_bsp/ps7_cortexa9_0/include -MMD -MP -MF"lab3_coprocessor.d" -MT"lab3_coprocessor.o" -o "lab3_coprocessor.o" "../lab3_coprocessor.c"
'Finished building: ../lab3_coprocessor.c'
' '
'Building target: lab_3B.elf'
'Invoking: ARM v7 gcc linker'
arm-none-eabi-gcc -mcpu=cortex-a9 -mfpu=vfpv3 -mfloat-abi=hard -Wl,-build-id=none -specs=Xilinx.spec -Wl,-T -Wl,../src/lscript.ld -L../../lab_3B_bsp/ps7_cortexa9_0/lib -o "lab_3B.elf"  ./lab3_coprocessor.o   -Wl,--start-group,-lxil,-lgcc,-lc,--end-group
'Finished building target: lab_3B.elf'
' '
'Invoking: ARM v7 Print Size'
arm-none-eabi-size lab_3B.elf  |tee "lab_3B.elf.size"
   text	   data	    bss	    dec	    hex	filename
  31840	   1212	  24312	  57364	   e014	lab_3B.elf
'Finished building: lab_3B.elf.size'
' '
21:02:40 **** Incremental Build of configuration Debug for project lab_3B ****
make pre-build main-build 
a9-linaro-pre-build-step
' '
make: Nothing to be done for `main-build'.
21:02:49 **** Auto Build of configuration Debug for project lab_3B ****
make pre-build main-build 
a9-linaro-pre-build-step
' '
'Building file: ../lab3_coprocessor.c'
'Invoking: ARM v7 gcc compiler'
arm-none-eabi-gcc -Wall -O0 -g3 -c -fmessage-length=0 -MT"lab3_coprocessor.o" -mcpu=cortex-a9 -mfpu=vfpv3 -mfloat-abi=hard -I../../lab_3B_bsp/ps7_cortexa9_0/include -MMD -MP -MF"lab3_coprocessor.d" -MT"lab3_coprocessor.o" -o "lab3_coprocessor.o" "../lab3_coprocessor.c"
'Finished building: ../lab3_coprocessor.c'
' '
'Building target: lab_3B.elf'
'Invoking: ARM v7 gcc linker'
arm-none-eabi-gcc -mcpu=cortex-a9 -mfpu=vfpv3 -mfloat-abi=hard -Wl,-build-id=none -specs=Xilinx.spec -Wl,-T -Wl,../src/lscript.ld -L../../lab_3B_bsp/ps7_cortexa9_0/lib -o "lab_3B.elf"  ./lab3_coprocessor.o   -Wl,--start-group,-lxil,-lgcc,-lc,--end-group
'Finished building target: lab_3B.elf'
' '
'Invoking: ARM v7 Print Size'
arm-none-eabi-size lab_3B.elf  |tee "lab_3B.elf.size"
   text	   data	    bss	    dec	    hex	filename
  31840	   1212	  24312	  57364	   e014	lab_3B.elf
'Finished building: lab_3B.elf.size'
' '
21:02:53 **** Incremental Build of configuration Debug for project lab_3B ****
make pre-build main-build 
a9-linaro-pre-build-step
' '
make: Nothing to be done for `main-build'.
21:03:14 **** Auto Build of configuration Debug for project lab_3B ****
make pre-build main-build 
a9-linaro-pre-build-step
' '
'Building file: ../lab3_coprocessor.c'
'Invoking: ARM v7 gcc compiler'
arm-none-eabi-gcc -Wall -O0 -g3 -c -fmessage-length=0 -MT"lab3_coprocessor.o" -mcpu=cortex-a9 -mfpu=vfpv3 -mfloat-abi=hard -I../../lab_3B_bsp/ps7_cortexa9_0/include -MMD -MP -MF"lab3_coprocessor.d" -MT"lab3_coprocessor.o" -o "lab3_coprocessor.o" "../lab3_coprocessor.c"
'Finished building: ../lab3_coprocessor.c'
' '
'Building target: lab_3B.elf'
'Invoking: ARM v7 gcc linker'
arm-none-eabi-gcc -mcpu=cortex-a9 -mfpu=vfpv3 -mfloat-abi=hard -Wl,-build-id=none -specs=Xilinx.spec -Wl,-T -Wl,../src/lscript.ld -L../../lab_3B_bsp/ps7_cortexa9_0/lib -o "lab_3B.elf"  ./lab3_coprocessor.o   -Wl,--start-group,-lxil,-lgcc,-lc,--end-group
'Finished building target: lab_3B.elf'
' '
'Invoking: ARM v7 Print Size'
arm-none-eabi-size lab_3B.elf  |tee "lab_3B.elf.size"
   text	   data	    bss	    dec	    hex	filename
  31840	   1212	  24312	  57364	   e014	lab_3B.elf
'Finished building: lab_3B.elf.size'
' '
21:03:16 **** Incremental Build of configuration Debug for project lab_3B ****
make pre-build main-build 
a9-linaro-pre-build-step
' '
make: Nothing to be done for `main-build'.
21:03:37 **** Auto Build of configuration Debug for project lab_3B ****
make pre-build main-build 
a9-linaro-pre-build-step
' '
'Building file: ../lab3_coprocessor.c'
'Invoking: ARM v7 gcc compiler'
arm-none-eabi-gcc -Wall -O0 -g3 -c -fmessage-length=0 -MT"lab3_coprocessor.o" -mcpu=cortex-a9 -mfpu=vfpv3 -mfloat-abi=hard -I../../lab_3B_bsp/ps7_cortexa9_0/include -MMD -MP -MF"lab3_coprocessor.d" -MT"lab3_coprocessor.o" -o "lab3_coprocessor.o" "../lab3_coprocessor.c"
'Finished building: ../lab3_coprocessor.c'
' '
'Building target: lab_3B.elf'
'Invoking: ARM v7 gcc linker'
arm-none-eabi-gcc -mcpu=cortex-a9 -mfpu=vfpv3 -mfloat-abi=hard -Wl,-build-id=none -specs=Xilinx.spec -Wl,-T -Wl,../src/lscript.ld -L../../lab_3B_bsp/ps7_cortexa9_0/lib -o "lab_3B.elf"  ./lab3_coprocessor.o   -Wl,--start-group,-lxil,-lgcc,-lc,--end-group
'Finished building target: lab_3B.elf'
' '
'Invoking: ARM v7 Print Size'
arm-none-eabi-size lab_3B.elf  |tee "lab_3B.elf.size"
   text	   data	    bss	    dec	    hex	filename
  31840	   1212	  24312	  57364	   e014	lab_3B.elf
'Finished building: lab_3B.elf.size'
' '
21:03:40 **** Incremental Build of configuration Debug for project lab_3B ****
make pre-build main-build 
a9-linaro-pre-build-step
' '
make: Nothing to be done for `main-build'.
21:09:08 **** Auto Build of configuration Debug for project lab_3B ****
make pre-build main-build 
a9-linaro-pre-build-step
' '
'Building file: ../lab3_coprocessor.c'
'Invoking: ARM v7 gcc compiler'
arm-none-eabi-gcc -Wall -O0 -g3 -c -fmessage-length=0 -MT"lab3_coprocessor.o" -mcpu=cortex-a9 -mfpu=vfpv3 -mfloat-abi=hard -I../../lab_3B_bsp/ps7_cortexa9_0/include -MMD -MP -MF"lab3_coprocessor.d" -MT"lab3_coprocessor.o" -o "lab3_coprocessor.o" "../lab3_coprocessor.c"
'Finished building: ../lab3_coprocessor.c'
' '
'Building target: lab_3B.elf'
'Invoking: ARM v7 gcc linker'
arm-none-eabi-gcc -mcpu=cortex-a9 -mfpu=vfpv3 -mfloat-abi=hard -Wl,-build-id=none -specs=Xilinx.spec -Wl,-T -Wl,../src/lscript.ld -L../../lab_3B_bsp/ps7_cortexa9_0/lib -o "lab_3B.elf"  ./lab3_coprocessor.o   -Wl,--start-group,-lxil,-lgcc,-lc,--end-group
'Finished building target: lab_3B.elf'
' '
'Invoking: ARM v7 Print Size'
arm-none-eabi-size lab_3B.elf  |tee "lab_3B.elf.size"
   text	   data	    bss	    dec	    hex	filename
  31840	   1212	  24312	  57364	   e014	lab_3B.elf
'Finished building: lab_3B.elf.size'
' '
21:09:10 **** Incremental Build of configuration Debug for project lab_3B ****
make pre-build main-build 
a9-linaro-pre-build-step
' '
make: Nothing to be done for `main-build'.
21:15:56 **** Auto Build of configuration Debug for project lab_3B ****
make pre-build main-build 
a9-linaro-pre-build-step
' '
'Building file: ../lab3_coprocessor.c'
'Invoking: ARM v7 gcc compiler'
arm-none-eabi-gcc -Wall -O0 -g3 -c -fmessage-length=0 -MT"lab3_coprocessor.o" -mcpu=cortex-a9 -mfpu=vfpv3 -mfloat-abi=hard -I../../lab_3B_bsp/ps7_cortexa9_0/include -MMD -MP -MF"lab3_coprocessor.d" -MT"lab3_coprocessor.o" -o "lab3_coprocessor.o" "../lab3_coprocessor.c"
'Finished building: ../lab3_coprocessor.c'
' '
'Building target: lab_3B.elf'
'Invoking: ARM v7 gcc linker'
arm-none-eabi-gcc -mcpu=cortex-a9 -mfpu=vfpv3 -mfloat-abi=hard -Wl,-build-id=none -specs=Xilinx.spec -Wl,-T -Wl,../src/lscript.ld -L../../lab_3B_bsp/ps7_cortexa9_0/lib -o "lab_3B.elf"  ./lab3_coprocessor.o   -Wl,--start-group,-lxil,-lgcc,-lc,--end-group
'Finished building target: lab_3B.elf'
' '
'Invoking: ARM v7 Print Size'
arm-none-eabi-size lab_3B.elf  |tee "lab_3B.elf.size"
   text	   data	    bss	    dec	    hex	filename
  31840	   1212	  24312	  57364	   e014	lab_3B.elf
'Finished building: lab_3B.elf.size'
' '
21:16:00 **** Incremental Build of configuration Debug for project lab_3B ****
make pre-build main-build 
a9-linaro-pre-build-step
' '
make: Nothing to be done for `main-build'.
21:16:29 **** Auto Build of configuration Debug for project lab_3B ****
make pre-build main-build 
a9-linaro-pre-build-step
' '
'Building file: ../lab3_coprocessor.c'
'Invoking: ARM v7 gcc compiler'
arm-none-eabi-gcc -Wall -O0 -g3 -c -fmessage-length=0 -MT"lab3_coprocessor.o" -mcpu=cortex-a9 -mfpu=vfpv3 -mfloat-abi=hard -I../../lab_3B_bsp/ps7_cortexa9_0/include -MMD -MP -MF"lab3_coprocessor.d" -MT"lab3_coprocessor.o" -o "lab3_coprocessor.o" "../lab3_coprocessor.c"
'Finished building: ../lab3_coprocessor.c'
' '
'Building target: lab_3B.elf'
'Invoking: ARM v7 gcc linker'
arm-none-eabi-gcc -mcpu=cortex-a9 -mfpu=vfpv3 -mfloat-abi=hard -Wl,-build-id=none -specs=Xilinx.spec -Wl,-T -Wl,../src/lscript.ld -L../../lab_3B_bsp/ps7_cortexa9_0/lib -o "lab_3B.elf"  ./lab3_coprocessor.o   -Wl,--start-group,-lxil,-lgcc,-lc,--end-group
'Finished building target: lab_3B.elf'
' '
'Invoking: ARM v7 Print Size'
arm-none-eabi-size lab_3B.elf  |tee "lab_3B.elf.size"
   text	   data	    bss	    dec	    hex	filename
  31840	   1212	  24312	  57364	   e014	lab_3B.elf
'Finished building: lab_3B.elf.size'
' '
21:16:33 **** Incremental Build of configuration Debug for project lab_3B ****
make pre-build main-build 
a9-linaro-pre-build-step
' '
make: Nothing to be done for `main-build'.
21:17:26 **** Auto Build of configuration Debug for project lab_3B ****
make pre-build main-build 
a9-linaro-pre-build-step
' '
'Building file: ../lab3_coprocessor.c'
'Invoking: ARM v7 gcc compiler'
arm-none-eabi-gcc -Wall -O0 -g3 -c -fmessage-length=0 -MT"lab3_coprocessor.o" -mcpu=cortex-a9 -mfpu=vfpv3 -mfloat-abi=hard -I../../lab_3B_bsp/ps7_cortexa9_0/include -MMD -MP -MF"lab3_coprocessor.d" -MT"lab3_coprocessor.o" -o "lab3_coprocessor.o" "../lab3_coprocessor.c"
'Finished building: ../lab3_coprocessor.c'
' '
'Building target: lab_3B.elf'
'Invoking: ARM v7 gcc linker'
arm-none-eabi-gcc -mcpu=cortex-a9 -mfpu=vfpv3 -mfloat-abi=hard -Wl,-build-id=none -specs=Xilinx.spec -Wl,-T -Wl,../src/lscript.ld -L../../lab_3B_bsp/ps7_cortexa9_0/lib -o "lab_3B.elf"  ./lab3_coprocessor.o   -Wl,--start-group,-lxil,-lgcc,-lc,--end-group
'Finished building target: lab_3B.elf'
' '
'Invoking: ARM v7 Print Size'
arm-none-eabi-size lab_3B.elf  |tee "lab_3B.elf.size"
   text	   data	    bss	    dec	    hex	filename
  31840	   1212	  24312	  57364	   e014	lab_3B.elf
'Finished building: lab_3B.elf.size'
' '
21:17:29 **** Incremental Build of configuration Debug for project lab_3B ****
make pre-build main-build 
a9-linaro-pre-build-step
' '
make: Nothing to be done for `main-build'.
21:17:42 **** Auto Build of configuration Debug for project lab_3B ****
make pre-build main-build 
a9-linaro-pre-build-step
' '
'Building file: ../lab3_coprocessor.c'
'Invoking: ARM v7 gcc compiler'
arm-none-eabi-gcc -Wall -O0 -g3 -c -fmessage-length=0 -MT"lab3_coprocessor.o" -mcpu=cortex-a9 -mfpu=vfpv3 -mfloat-abi=hard -I../../lab_3B_bsp/ps7_cortexa9_0/include -MMD -MP -MF"lab3_coprocessor.d" -MT"lab3_coprocessor.o" -o "lab3_coprocessor.o" "../lab3_coprocessor.c"
'Finished building: ../lab3_coprocessor.c'
' '
'Building target: lab_3B.elf'
'Invoking: ARM v7 gcc linker'
arm-none-eabi-gcc -mcpu=cortex-a9 -mfpu=vfpv3 -mfloat-abi=hard -Wl,-build-id=none -specs=Xilinx.spec -Wl,-T -Wl,../src/lscript.ld -L../../lab_3B_bsp/ps7_cortexa9_0/lib -o "lab_3B.elf"  ./lab3_coprocessor.o   -Wl,--start-group,-lxil,-lgcc,-lc,--end-group
'Finished building target: lab_3B.elf'
' '
'Invoking: ARM v7 Print Size'
arm-none-eabi-size lab_3B.elf  |tee "lab_3B.elf.size"
   text	   data	    bss	    dec	    hex	filename
  31840	   1212	  24312	  57364	   e014	lab_3B.elf
'Finished building: lab_3B.elf.size'
' '
21:18:13 **** Auto Build of configuration Debug for project lab_3B ****
make pre-build main-build 
a9-linaro-pre-build-step
' '
'Building file: ../lab3_coprocessor.c'
'Invoking: ARM v7 gcc compiler'
arm-none-eabi-gcc -Wall -O0 -g3 -c -fmessage-length=0 -MT"lab3_coprocessor.o" -mcpu=cortex-a9 -mfpu=vfpv3 -mfloat-abi=hard -I../../lab_3B_bsp/ps7_cortexa9_0/include -MMD -MP -MF"lab3_coprocessor.d" -MT"lab3_coprocessor.o" -o "lab3_coprocessor.o" "../lab3_coprocessor.c"
'Finished building: ../lab3_coprocessor.c'
' '
'Building target: lab_3B.elf'
'Invoking: ARM v7 gcc linker'
arm-none-eabi-gcc -mcpu=cortex-a9 -mfpu=vfpv3 -mfloat-abi=hard -Wl,-build-id=none -specs=Xilinx.spec -Wl,-T -Wl,../src/lscript.ld -L../../lab_3B_bsp/ps7_cortexa9_0/lib -o "lab_3B.elf"  ./lab3_coprocessor.o   -Wl,--start-group,-lxil,-lgcc,-lc,--end-group
'Finished building target: lab_3B.elf'
' '
'Invoking: ARM v7 Print Size'
arm-none-eabi-size lab_3B.elf  |tee "lab_3B.elf.size"
   text	   data	    bss	    dec	    hex	filename
  31840	   1212	  24312	  57364	   e014	lab_3B.elf
'Finished building: lab_3B.elf.size'
' '
21:18:16 **** Incremental Build of configuration Debug for project lab_3B ****
make pre-build main-build 
a9-linaro-pre-build-step
' '
make: Nothing to be done for `main-build'.
21:18:30 **** Auto Build of configuration Debug for project lab_3B ****
make pre-build main-build 
a9-linaro-pre-build-step
' '
'Building file: ../lab3_coprocessor.c'
'Invoking: ARM v7 gcc compiler'
arm-none-eabi-gcc -Wall -O0 -g3 -c -fmessage-length=0 -MT"lab3_coprocessor.o" -mcpu=cortex-a9 -mfpu=vfpv3 -mfloat-abi=hard -I../../lab_3B_bsp/ps7_cortexa9_0/include -MMD -MP -MF"lab3_coprocessor.d" -MT"lab3_coprocessor.o" -o "lab3_coprocessor.o" "../lab3_coprocessor.c"
'Finished building: ../lab3_coprocessor.c'
' '
'Building target: lab_3B.elf'
'Invoking: ARM v7 gcc linker'
arm-none-eabi-gcc -mcpu=cortex-a9 -mfpu=vfpv3 -mfloat-abi=hard -Wl,-build-id=none -specs=Xilinx.spec -Wl,-T -Wl,../src/lscript.ld -L../../lab_3B_bsp/ps7_cortexa9_0/lib -o "lab_3B.elf"  ./lab3_coprocessor.o   -Wl,--start-group,-lxil,-lgcc,-lc,--end-group
'Finished building target: lab_3B.elf'
' '
'Invoking: ARM v7 Print Size'
arm-none-eabi-size lab_3B.elf  |tee "lab_3B.elf.size"
   text	   data	    bss	    dec	    hex	filename
  31840	   1212	  24312	  57364	   e014	lab_3B.elf
'Finished building: lab_3B.elf.size'
' '
21:18:33 **** Incremental Build of configuration Debug for project lab_3B ****
make pre-build main-build 
a9-linaro-pre-build-step
' '
make: Nothing to be done for `main-build'.
21:20:09 **** Auto Build of configuration Debug for project lab_3B ****
make pre-build main-build 
a9-linaro-pre-build-step
' '
'Building file: ../lab3_coprocessor.c'
'Invoking: ARM v7 gcc compiler'
arm-none-eabi-gcc -Wall -O0 -g3 -c -fmessage-length=0 -MT"lab3_coprocessor.o" -mcpu=cortex-a9 -mfpu=vfpv3 -mfloat-abi=hard -I../../lab_3B_bsp/ps7_cortexa9_0/include -MMD -MP -MF"lab3_coprocessor.d" -MT"lab3_coprocessor.o" -o "lab3_coprocessor.o" "../lab3_coprocessor.c"
'Finished building: ../lab3_coprocessor.c'
' '
'Building target: lab_3B.elf'
'Invoking: ARM v7 gcc linker'
arm-none-eabi-gcc -mcpu=cortex-a9 -mfpu=vfpv3 -mfloat-abi=hard -Wl,-build-id=none -specs=Xilinx.spec -Wl,-T -Wl,../src/lscript.ld -L../../lab_3B_bsp/ps7_cortexa9_0/lib -o "lab_3B.elf"  ./lab3_coprocessor.o   -Wl,--start-group,-lxil,-lgcc,-lc,--end-group
'Finished building target: lab_3B.elf'
' '
'Invoking: ARM v7 Print Size'
arm-none-eabi-size lab_3B.elf  |tee "lab_3B.elf.size"
   text	   data	    bss	    dec	    hex	filename
  31840	   1212	  24312	  57364	   e014	lab_3B.elf
'Finished building: lab_3B.elf.size'
' '
21:20:12 **** Incremental Build of configuration Debug for project lab_3B ****
make pre-build main-build 
a9-linaro-pre-build-step
' '
make: Nothing to be done for `main-build'.
21:24:12 **** Auto Build of configuration Debug for project lab_3B ****
make pre-build main-build 
a9-linaro-pre-build-step
' '
'Building file: ../lab3_coprocessor.c'
'Invoking: ARM v7 gcc compiler'
arm-none-eabi-gcc -Wall -O0 -g3 -c -fmessage-length=0 -MT"lab3_coprocessor.o" -mcpu=cortex-a9 -mfpu=vfpv3 -mfloat-abi=hard -I../../lab_3B_bsp/ps7_cortexa9_0/include -MMD -MP -MF"lab3_coprocessor.d" -MT"lab3_coprocessor.o" -o "lab3_coprocessor.o" "../lab3_coprocessor.c"
'Finished building: ../lab3_coprocessor.c'
' '
'Building target: lab_3B.elf'
'Invoking: ARM v7 gcc linker'
arm-none-eabi-gcc -mcpu=cortex-a9 -mfpu=vfpv3 -mfloat-abi=hard -Wl,-build-id=none -specs=Xilinx.spec -Wl,-T -Wl,../src/lscript.ld -L../../lab_3B_bsp/ps7_cortexa9_0/lib -o "lab_3B.elf"  ./lab3_coprocessor.o   -Wl,--start-group,-lxil,-lgcc,-lc,--end-group
'Finished building target: lab_3B.elf'
' '
'Invoking: ARM v7 Print Size'
arm-none-eabi-size lab_3B.elf  |tee "lab_3B.elf.size"
   text	   data	    bss	    dec	    hex	filename
  31840	   1212	  24312	  57364	   e014	lab_3B.elf
'Finished building: lab_3B.elf.size'
' '
21:24:14 **** Incremental Build of configuration Debug for project lab_3B ****
make pre-build main-build 
a9-linaro-pre-build-step
' '
make: Nothing to be done for `main-build'.
21:25:50 **** Auto Build of configuration Debug for project lab_3B ****
make pre-build main-build 
a9-linaro-pre-build-step
' '
'Building file: ../lab3_coprocessor.c'
'Invoking: ARM v7 gcc compiler'
arm-none-eabi-gcc -Wall -O0 -g3 -c -fmessage-length=0 -MT"lab3_coprocessor.o" -mcpu=cortex-a9 -mfpu=vfpv3 -mfloat-abi=hard -I../../lab_3B_bsp/ps7_cortexa9_0/include -MMD -MP -MF"lab3_coprocessor.d" -MT"lab3_coprocessor.o" -o "lab3_coprocessor.o" "../lab3_coprocessor.c"
'Finished building: ../lab3_coprocessor.c'
' '
'Building target: lab_3B.elf'
'Invoking: ARM v7 gcc linker'
arm-none-eabi-gcc -mcpu=cortex-a9 -mfpu=vfpv3 -mfloat-abi=hard -Wl,-build-id=none -specs=Xilinx.spec -Wl,-T -Wl,../src/lscript.ld -L../../lab_3B_bsp/ps7_cortexa9_0/lib -o "lab_3B.elf"  ./lab3_coprocessor.o   -Wl,--start-group,-lxil,-lgcc,-lc,--end-group
'Finished building target: lab_3B.elf'
' '
'Invoking: ARM v7 Print Size'
arm-none-eabi-size lab_3B.elf  |tee "lab_3B.elf.size"
   text	   data	    bss	    dec	    hex	filename
  31840	   1212	  24312	  57364	   e014	lab_3B.elf
'Finished building: lab_3B.elf.size'
' '
21:25:53 **** Incremental Build of configuration Debug for project lab_3B ****
make pre-build main-build 
a9-linaro-pre-build-step
' '
make: Nothing to be done for `main-build'.
21:27:56 **** Auto Build of configuration Debug for project lab_3B ****
make pre-build main-build 
a9-linaro-pre-build-step
' '
'Building file: ../lab3_coprocessor.c'
'Invoking: ARM v7 gcc compiler'
arm-none-eabi-gcc -Wall -O0 -g3 -c -fmessage-length=0 -MT"lab3_coprocessor.o" -mcpu=cortex-a9 -mfpu=vfpv3 -mfloat-abi=hard -I../../lab_3B_bsp/ps7_cortexa9_0/include -MMD -MP -MF"lab3_coprocessor.d" -MT"lab3_coprocessor.o" -o "lab3_coprocessor.o" "../lab3_coprocessor.c"
'Finished building: ../lab3_coprocessor.c'
' '
'Building target: lab_3B.elf'
'Invoking: ARM v7 gcc linker'
arm-none-eabi-gcc -mcpu=cortex-a9 -mfpu=vfpv3 -mfloat-abi=hard -Wl,-build-id=none -specs=Xilinx.spec -Wl,-T -Wl,../src/lscript.ld -L../../lab_3B_bsp/ps7_cortexa9_0/lib -o "lab_3B.elf"  ./lab3_coprocessor.o   -Wl,--start-group,-lxil,-lgcc,-lc,--end-group
'Finished building target: lab_3B.elf'
' '
'Invoking: ARM v7 Print Size'
arm-none-eabi-size lab_3B.elf  |tee "lab_3B.elf.size"
   text	   data	    bss	    dec	    hex	filename
  31840	   1212	  24312	  57364	   e014	lab_3B.elf
'Finished building: lab_3B.elf.size'
' '
21:27:58 **** Incremental Build of configuration Debug for project lab_3B ****
make pre-build main-build 
a9-linaro-pre-build-step
' '
make: Nothing to be done for `main-build'.
21:29:02 **** Auto Build of configuration Debug for project lab_3B ****
make pre-build main-build 
a9-linaro-pre-build-step
' '
'Building file: ../lab3_coprocessor.c'
'Invoking: ARM v7 gcc compiler'
arm-none-eabi-gcc -Wall -O0 -g3 -c -fmessage-length=0 -MT"lab3_coprocessor.o" -mcpu=cortex-a9 -mfpu=vfpv3 -mfloat-abi=hard -I../../lab_3B_bsp/ps7_cortexa9_0/include -MMD -MP -MF"lab3_coprocessor.d" -MT"lab3_coprocessor.o" -o "lab3_coprocessor.o" "../lab3_coprocessor.c"
'Finished building: ../lab3_coprocessor.c'
' '
'Building target: lab_3B.elf'
'Invoking: ARM v7 gcc linker'
arm-none-eabi-gcc -mcpu=cortex-a9 -mfpu=vfpv3 -mfloat-abi=hard -Wl,-build-id=none -specs=Xilinx.spec -Wl,-T -Wl,../src/lscript.ld -L../../lab_3B_bsp/ps7_cortexa9_0/lib -o "lab_3B.elf"  ./lab3_coprocessor.o   -Wl,--start-group,-lxil,-lgcc,-lc,--end-group
'Finished building target: lab_3B.elf'
' '
'Invoking: ARM v7 Print Size'
arm-none-eabi-size lab_3B.elf  |tee "lab_3B.elf.size"
   text	   data	    bss	    dec	    hex	filename
  31840	   1212	  24312	  57364	   e014	lab_3B.elf
'Finished building: lab_3B.elf.size'
' '
21:29:05 **** Incremental Build of configuration Debug for project lab_3B ****
make pre-build main-build 
a9-linaro-pre-build-step
' '
make: Nothing to be done for `main-build'.
21:29:24 **** Auto Build of configuration Debug for project lab_3B ****
make pre-build main-build 
a9-linaro-pre-build-step
' '
'Building file: ../lab3_coprocessor.c'
'Invoking: ARM v7 gcc compiler'
arm-none-eabi-gcc -Wall -O0 -g3 -c -fmessage-length=0 -MT"lab3_coprocessor.o" -mcpu=cortex-a9 -mfpu=vfpv3 -mfloat-abi=hard -I../../lab_3B_bsp/ps7_cortexa9_0/include -MMD -MP -MF"lab3_coprocessor.d" -MT"lab3_coprocessor.o" -o "lab3_coprocessor.o" "../lab3_coprocessor.c"
'Finished building: ../lab3_coprocessor.c'
' '
'Building target: lab_3B.elf'
'Invoking: ARM v7 gcc linker'
arm-none-eabi-gcc -mcpu=cortex-a9 -mfpu=vfpv3 -mfloat-abi=hard -Wl,-build-id=none -specs=Xilinx.spec -Wl,-T -Wl,../src/lscript.ld -L../../lab_3B_bsp/ps7_cortexa9_0/lib -o "lab_3B.elf"  ./lab3_coprocessor.o   -Wl,--start-group,-lxil,-lgcc,-lc,--end-group
'Finished building target: lab_3B.elf'
' '
'Invoking: ARM v7 Print Size'
arm-none-eabi-size lab_3B.elf  |tee "lab_3B.elf.size"
   text	   data	    bss	    dec	    hex	filename
  31840	   1212	  24312	  57364	   e014	lab_3B.elf
'Finished building: lab_3B.elf.size'
' '
21:29:27 **** Incremental Build of configuration Debug for project lab_3B ****
make pre-build main-build 
a9-linaro-pre-build-step
' '
make: Nothing to be done for `main-build'.
21:31:42 **** Auto Build of configuration Debug for project lab_3B ****
make pre-build main-build 
a9-linaro-pre-build-step
' '
'Building file: ../lab3_coprocessor.c'
'Invoking: ARM v7 gcc compiler'
arm-none-eabi-gcc -Wall -O0 -g3 -c -fmessage-length=0 -MT"lab3_coprocessor.o" -mcpu=cortex-a9 -mfpu=vfpv3 -mfloat-abi=hard -I../../lab_3B_bsp/ps7_cortexa9_0/include -MMD -MP -MF"lab3_coprocessor.d" -MT"lab3_coprocessor.o" -o "lab3_coprocessor.o" "../lab3_coprocessor.c"
'Finished building: ../lab3_coprocessor.c'
' '
'Building target: lab_3B.elf'
'Invoking: ARM v7 gcc linker'
arm-none-eabi-gcc -mcpu=cortex-a9 -mfpu=vfpv3 -mfloat-abi=hard -Wl,-build-id=none -specs=Xilinx.spec -Wl,-T -Wl,../src/lscript.ld -L../../lab_3B_bsp/ps7_cortexa9_0/lib -o "lab_3B.elf"  ./lab3_coprocessor.o   -Wl,--start-group,-lxil,-lgcc,-lc,--end-group
'Finished building target: lab_3B.elf'
' '
'Invoking: ARM v7 Print Size'
arm-none-eabi-size lab_3B.elf  |tee "lab_3B.elf.size"
   text	   data	    bss	    dec	    hex	filename
  31840	   1212	  24312	  57364	   e014	lab_3B.elf
'Finished building: lab_3B.elf.size'
' '
21:31:45 **** Incremental Build of configuration Debug for project lab_3B ****
make pre-build main-build 
a9-linaro-pre-build-step
' '
make: Nothing to be done for `main-build'.
21:33:40 **** Auto Build of configuration Debug for project lab_3B ****
make pre-build main-build 
a9-linaro-pre-build-step
' '
'Building file: ../lab3_coprocessor.c'
'Invoking: ARM v7 gcc compiler'
arm-none-eabi-gcc -Wall -O0 -g3 -c -fmessage-length=0 -MT"lab3_coprocessor.o" -mcpu=cortex-a9 -mfpu=vfpv3 -mfloat-abi=hard -I../../lab_3B_bsp/ps7_cortexa9_0/include -MMD -MP -MF"lab3_coprocessor.d" -MT"lab3_coprocessor.o" -o "lab3_coprocessor.o" "../lab3_coprocessor.c"
'Finished building: ../lab3_coprocessor.c'
' '
'Building target: lab_3B.elf'
'Invoking: ARM v7 gcc linker'
arm-none-eabi-gcc -mcpu=cortex-a9 -mfpu=vfpv3 -mfloat-abi=hard -Wl,-build-id=none -specs=Xilinx.spec -Wl,-T -Wl,../src/lscript.ld -L../../lab_3B_bsp/ps7_cortexa9_0/lib -o "lab_3B.elf"  ./lab3_coprocessor.o   -Wl,--start-group,-lxil,-lgcc,-lc,--end-group
'Finished building target: lab_3B.elf'
' '
'Invoking: ARM v7 Print Size'
arm-none-eabi-size lab_3B.elf  |tee "lab_3B.elf.size"
   text	   data	    bss	    dec	    hex	filename
  31840	   1212	  24312	  57364	   e014	lab_3B.elf
'Finished building: lab_3B.elf.size'
' '
21:33:42 **** Incremental Build of configuration Debug for project lab_3B ****
make pre-build main-build 
a9-linaro-pre-build-step
' '
make: Nothing to be done for `main-build'.
21:36:37 **** Auto Build of configuration Debug for project lab_3B ****
make pre-build main-build 
a9-linaro-pre-build-step
' '
'Building file: ../lab3_coprocessor.c'
'Invoking: ARM v7 gcc compiler'
[...]
../lab3_coprocessor.c:85:21: fatal error: xaxidma.h: No such file or directory
compilation terminated.
make: *** [lab3_coprocessor.o] ´íÎó 1
22:53:43 **** Auto Build of project lab_3B_bsp ****
make -k all 
"Running Make include in ps7_cortexa9_0/libsrc/axidma_v9_3/src"
make -C ps7_cortexa9_0/libsrc/axidma_v9_3/src -s include  "SHELL=CMD" "COMPILER=arm-none-eabi-gcc" "ARCHIVER=arm-none-eabi-ar" "COMPILER_FLAGS=  -O2 -c" "EXTRA_COMPILER_FLAGS=-mcpu=cortex-a9 -mfpu=vfpv3 -mfloat-abi=hard -nostartfiles"
"Running Make include in ps7_cortexa9_0/libsrc/coresightps_dcc_v1_3/src"
make -C ps7_cortexa9_0/libsrc/coresightps_dcc_v1_3/src -s include  "SHELL=CMD" "COMPILER=arm-none-eabi-gcc" "ARCHIVER=arm-none-eabi-ar" "COMPILER_FLAGS=  -O2 -c" "EXTRA_COMPILER_FLAGS=-mcpu=cortex-a9 -mfpu=vfpv3 -mfloat-abi=hard -nostartfiles"
"Running Make include in ps7_cortexa9_0/libsrc/cpu_cortexa9_v2_3/src"
make -C ps7_cortexa9_0/libsrc/cpu_cortexa9_v2_3/src -s include  "SHELL=CMD" "COMPILER=arm-none-eabi-gcc" "ARCHIVER=arm-none-eabi-ar" "COMPILER_FLAGS=  -O2 -c" "EXTRA_COMPILER_FLAGS=-mcpu=cortex-a9 -mfpu=vfpv3 -mfloat-abi=hard -nostartfiles"
"Running Make include in ps7_cortexa9_0/libsrc/ddrps_v1_0/src"
make -C ps7_cortexa9_0/libsrc/ddrps_v1_0/src -s include  "SHELL=CMD" "COMPILER=arm-none-eabi-gcc" "ARCHIVER=arm-none-eabi-ar" "COMPILER_FLAGS=  -O2 -c" "EXTRA_COMPILER_FLAGS=-mcpu=cortex-a9 -mfpu=vfpv3 -mfloat-abi=hard -nostartfiles"
"Running Make include in ps7_cortexa9_0/libsrc/devcfg_v3_4/src"
make -C ps7_cortexa9_0/libsrc/devcfg_v3_4/src -s include  "SHELL=CMD" "COMPILER=arm-none-eabi-gcc" "ARCHIVER=arm-none-eabi-ar" "COMPILER_FLAGS=  -O2 -c" "EXTRA_COMPILER_FLAGS=-mcpu=cortex-a9 -mfpu=vfpv3 -mfloat-abi=hard -nostartfiles"
"Running Make include in ps7_cortexa9_0/libsrc/dmaps_v2_2/src"
make -C ps7_cortexa9_0/libsrc/dmaps_v2_2/src -s include  "SHELL=CMD" "COMPILER=arm-none-eabi-gcc" "ARCHIVER=arm-none-eabi-ar" "COMPILER_FLAGS=  -O2 -c" "EXTRA_COMPILER_FLAGS=-mcpu=cortex-a9 -mfpu=vfpv3 -mfloat-abi=hard -nostartfiles"
"Running Make include in ps7_cortexa9_0/libsrc/emacps_v3_3/src"
make -C ps7_cortexa9_0/libsrc/emacps_v3_3/src -s include  "SHELL=CMD" "COMPILER=arm-none-eabi-gcc" "ARCHIVER=arm-none-eabi-ar" "COMPILER_FLAGS=  -O2 -c" "EXTRA_COMPILER_FLAGS=-mcpu=cortex-a9 -mfpu=vfpv3 -mfloat-abi=hard -nostartfiles"
"Running Make include in ps7_cortexa9_0/libsrc/gpiops_v3_1/src"
make -C ps7_cortexa9_0/libsrc/gpiops_v3_1/src -s include  "SHELL=CMD" "COMPILER=arm-none-eabi-gcc" "ARCHIVER=arm-none-eabi-ar" "COMPILER_FLAGS=  -O2 -c" "EXTRA_COMPILER_FLAGS=-mcpu=cortex-a9 -mfpu=vfpv3 -mfloat-abi=hard -nostartfiles"
"Running Make include in ps7_cortexa9_0/libsrc/qspips_v3_3/src"
make -C ps7_cortexa9_0/libsrc/qspips_v3_3/src -s include  "SHELL=CMD" "COMPILER=arm-none-eabi-gcc" "ARCHIVER=arm-none-eabi-ar" "COMPILER_FLAGS=  -O2 -c" "EXTRA_COMPILER_FLAGS=-mcpu=cortex-a9 -mfpu=vfpv3 -mfloat-abi=hard -nostartfiles"
"Running Make include in ps7_cortexa9_0/libsrc/scugic_v3_4/src"
make -C ps7_cortexa9_0/libsrc/scugic_v3_4/src -s include  "SHELL=CMD" "COMPILER=arm-none-eabi-gcc" "ARCHIVER=arm-none-eabi-ar" "COMPILER_FLAGS=  -O2 -c" "EXTRA_COMPILER_FLAGS=-mcpu=cortex-a9 -mfpu=vfpv3 -mfloat-abi=hard -nostartfiles"
"Running Make include in ps7_cortexa9_0/libsrc/scutimer_v2_1/src"
make -C ps7_cortexa9_0/libsrc/scutimer_v2_1/src -s include  "SHELL=CMD" "COMPILER=arm-none-eabi-gcc" "ARCHIVER=arm-none-eabi-ar" "COMPILER_FLAGS=  -O2 -c" "EXTRA_COMPILER_FLAGS=-mcpu=cortex-a9 -mfpu=vfpv3 -mfloat-abi=hard -nostartfiles"
"Running Make include in ps7_cortexa9_0/libsrc/scuwdt_v2_1/src"
make -C ps7_cortexa9_0/libsrc/scuwdt_v2_1/src -s include  "SHELL=CMD" "COMPILER=arm-none-eabi-gcc" "ARCHIVER=arm-none-eabi-ar" "COMPILER_FLAGS=  -O2 -c" "EXTRA_COMPILER_FLAGS=-mcpu=cortex-a9 -mfpu=vfpv3 -mfloat-abi=hard -nostartfiles"
"Running Make include in ps7_cortexa9_0/libsrc/sdps_v3_0/src"
make -C ps7_cortexa9_0/libsrc/sdps_v3_0/src -s include  "SHELL=CMD" "COMPILER=arm-none-eabi-gcc" "ARCHIVER=arm-none-eabi-ar" "COMPILER_FLAGS=  -O2 -c" "EXTRA_COMPILER_FLAGS=-mcpu=cortex-a9 -mfpu=vfpv3 -mfloat-abi=hard -nostartfiles"
"Running Make include in ps7_cortexa9_0/libsrc/standalone_v6_0/src"
make -C ps7_cortexa9_0/libsrc/standalone_v6_0/src -s include  "SHELL=CMD" "COMPILER=arm-none-eabi-gcc" "ARCHIVER=arm-none-eabi-ar" "COMPILER_FLAGS=  -O2 -c" "EXTRA_COMPILER_FLAGS=-mcpu=cortex-a9 -mfpu=vfpv3 -mfloat-abi=hard -nostartfiles"
"Running Make include in ps7_cortexa9_0/libsrc/tft_v6_0/src"
make -C ps7_cortexa9_0/libsrc/tft_v6_0/src -s include  "SHELL=CMD" "COMPILER=arm-none-eabi-gcc" "ARCHIVER=arm-none-eabi-ar" "COMPILER_FLAGS=  -O2 -c" "EXTRA_COMPILER_FLAGS=-mcpu=cortex-a9 -mfpu=vfpv3 -mfloat-abi=hard -nostartfiles"
"Running Make include in ps7_cortexa9_0/libsrc/ttcps_v3_1/src"
make -C ps7_cortexa9_0/libsrc/ttcps_v3_1/src -s include  "SHELL=CMD" "COMPILER=arm-none-eabi-gcc" "ARCHIVER=arm-none-eabi-ar" "COMPILER_FLAGS=  -O2 -c" "EXTRA_COMPILER_FLAGS=-mcpu=cortex-a9 -mfpu=vfpv3 -mfloat-abi=hard -nostartfiles"
"Running Make include in ps7_cortexa9_0/libsrc/uartps_v3_2/src"
make -C ps7_cortexa9_0/libsrc/uartps_v3_2/src -s include  "SHELL=CMD" "COMPILER=arm-none-eabi-gcc" "ARCHIVER=arm-none-eabi-ar" "COMPILER_FLAGS=  -O2 -c" "EXTRA_COMPILER_FLAGS=-mcpu=cortex-a9 -mfpu=vfpv3 -mfloat-abi=hard -nostartfiles"
"Running Make include in ps7_cortexa9_0/libsrc/usbps_v2_4/src"
make -C ps7_cortexa9_0/libsrc/usbps_v2_4/src -s include  "SHELL=CMD" "COMPILER=arm-none-eabi-gcc" "ARCHIVER=arm-none-eabi-ar" "COMPILER_FLAGS=  -O2 -c" "EXTRA_COMPILER_FLAGS=-mcpu=cortex-a9 -mfpu=vfpv3 -mfloat-abi=hard -nostartfiles"
"Running Make include in ps7_cortexa9_0/libsrc/xadcps_v2_2/src"
make -C ps7_cortexa9_0/libsrc/xadcps_v2_2/src -s include  "SHELL=CMD" "COMPILER=arm-none-eabi-gcc" "ARCHIVER=arm-none-eabi-ar" "COMPILER_FLAGS=  -O2 -c" "EXTRA_COMPILER_FLAGS=-mcpu=cortex-a9 -mfpu=vfpv3 -mfloat-abi=hard -nostartfiles"
"Running Make libs in ps7_cortexa9_0/libsrc/axidma_v9_3/src"
make -C ps7_cortexa9_0/libsrc/axidma_v9_3/src -s libs  "SHELL=CMD" "COMPILER=arm-none-eabi-gcc" "ARCHIVER=arm-none-eabi-ar" "COMPILER_FLAGS=  -O2 -c" "EXTRA_COMPILER_FLAGS=-mcpu=cortex-a9 -mfpu=vfpv3 -mfloat-abi=hard -nostartfiles"
"Compiling axidma"
arm-none-eabi-ar: creating ../../../lib/libxil.a
"Running Make libs in ps7_cortexa9_0/libsrc/coresightps_dcc_v1_3/src"
make -C ps7_cortexa9_0/libsrc/coresightps_dcc_v1_3/src -s libs  "SHELL=CMD" "COMPILER=arm-none-eabi-gcc" "ARCHIVER=arm-none-eabi-ar" "COMPILER_FLAGS=  -O2 -c" "EXTRA_COMPILER_FLAGS=-mcpu=cortex-a9 -mfpu=vfpv3 -mfloat-abi=hard -nostartfiles"
"Compiling coresightps_dcc"
"Running Make libs in ps7_cortexa9_0/libsrc/cpu_cortexa9_v2_3/src"
make -C ps7_cortexa9_0/libsrc/cpu_cortexa9_v2_3/src -s libs  "SHELL=CMD" "COMPILER=arm-none-eabi-gcc" "ARCHIVER=arm-none-eabi-ar" "COMPILER_FLAGS=  -O2 -c" "EXTRA_COMPILER_FLAGS=-mcpu=cortex-a9 -mfpu=vfpv3 -mfloat-abi=hard -nostartfiles"
"Compiling cpu_cortexa9"
"Running Make libs in ps7_cortexa9_0/libsrc/ddrps_v1_0/src"
make -C ps7_cortexa9_0/libsrc/ddrps_v1_0/src -s libs  "SHELL=CMD" "COMPILER=arm-none-eabi-gcc" "ARCHIVER=arm-none-eabi-ar" "COMPILER_FLAGS=  -O2 -c" "EXTRA_COMPILER_FLAGS=-mcpu=cortex-a9 -mfpu=vfpv3 -mfloat-abi=hard -nostartfiles"
"Compiling ddrps"
"Running Make libs in ps7_cortexa9_0/libsrc/devcfg_v3_4/src"
make -C ps7_cortexa9_0/libsrc/devcfg_v3_4/src -s libs  "SHELL=CMD" "COMPILER=arm-none-eabi-gcc" "ARCHIVER=arm-none-eabi-ar" "COMPILER_FLAGS=  -O2 -c" "EXTRA_COMPILER_FLAGS=-mcpu=cortex-a9 -mfpu=vfpv3 -mfloat-abi=hard -nostartfiles"
"Compiling devcfg"
"Running Make libs in ps7_cortexa9_0/libsrc/dmaps_v2_2/src"
make -C ps7_cortexa9_0/libsrc/dmaps_v2_2/src -s libs  "SHELL=CMD" "COMPILER=arm-none-eabi-gcc" "ARCHIVER=arm-none-eabi-ar" "COMPILER_FLAGS=  -O2 -c" "EXTRA_COMPILER_FLAGS=-mcpu=cortex-a9 -mfpu=vfpv3 -mfloat-abi=hard -nostartfiles"
"Compiling dmaps"
"Running Make libs in ps7_cortexa9_0/libsrc/emacps_v3_3/src"
make -C ps7_cortexa9_0/libsrc/emacps_v3_3/src -s libs  "SHELL=CMD" "COMPILER=arm-none-eabi-gcc" "ARCHIVER=arm-none-eabi-ar" "COMPILER_FLAGS=  -O2 -c" "EXTRA_COMPILER_FLAGS=-mcpu=cortex-a9 -mfpu=vfpv3 -mfloat-abi=hard -nostartfiles"
"Compiling emacps"
"Running Make libs in ps7_cortexa9_0/libsrc/gpiops_v3_1/src"
make -C ps7_cortexa9_0/libsrc/gpiops_v3_1/src -s libs  "SHELL=CMD" "COMPILER=arm-none-eabi-gcc" "ARCHIVER=arm-none-eabi-ar" "COMPILER_FLAGS=  -O2 -c" "EXTRA_COMPILER_FLAGS=-mcpu=cortex-a9 -mfpu=vfpv3 -mfloat-abi=hard -nostartfiles"
"Compiling gpiops"
"Running Make libs in ps7_cortexa9_0/libsrc/qspips_v3_3/src"
make -C ps7_cortexa9_0/libsrc/qspips_v3_3/src -s libs  "SHELL=CMD" "COMPILER=arm-none-eabi-gcc" "ARCHIVER=arm-none-eabi-ar" "COMPILER_FLAGS=  -O2 -c" "EXTRA_COMPILER_FLAGS=-mcpu=cortex-a9 -mfpu=vfpv3 -mfloat-abi=hard -nostartfiles"
"Compiling qspips"
"Running Make libs in ps7_cortexa9_0/libsrc/scugic_v3_4/src"
make -C ps7_cortexa9_0/libsrc/scugic_v3_4/src -s libs  "SHELL=CMD" "COMPILER=arm-none-eabi-gcc" "ARCHIVER=arm-none-eabi-ar" "COMPILER_FLAGS=  -O2 -c" "EXTRA_COMPILER_FLAGS=-mcpu=cortex-a9 -mfpu=vfpv3 -mfloat-abi=hard -nostartfiles"
"Compiling scugic"
"Running Make libs in ps7_cortexa9_0/libsrc/scutimer_v2_1/src"
make -C ps7_cortexa9_0/libsrc/scutimer_v2_1/src -s libs  "SHELL=CMD" "COMPILER=arm-none-eabi-gcc" "ARCHIVER=arm-none-eabi-ar" "COMPILER_FLAGS=  -O2 -c" "EXTRA_COMPILER_FLAGS=-mcpu=cortex-a9 -mfpu=vfpv3 -mfloat-abi=hard -nostartfiles"
"Compiling scutimer"
"Running Make libs in ps7_cortexa9_0/libsrc/scuwdt_v2_1/src"
make -C ps7_cortexa9_0/libsrc/scuwdt_v2_1/src -s libs  "SHELL=CMD" "COMPILER=arm-none-eabi-gcc" "ARCHIVER=arm-none-eabi-ar" "COMPILER_FLAGS=  -O2 -c" "EXTRA_COMPILER_FLAGS=-mcpu=cortex-a9 -mfpu=vfpv3 -mfloat-abi=hard -nostartfiles"
"Compiling scuwdt"
"Running Make libs in ps7_cortexa9_0/libsrc/sdps_v3_0/src"
make -C ps7_cortexa9_0/libsrc/sdps_v3_0/src -s libs  "SHELL=CMD" "COMPILER=arm-none-eabi-gcc" "ARCHIVER=arm-none-eabi-ar" "COMPILER_FLAGS=  -O2 -c" "EXTRA_COMPILER_FLAGS=-mcpu=cortex-a9 -mfpu=vfpv3 -mfloat-abi=hard -nostartfiles"
"Compiling sdps"
"Running Make libs in ps7_cortexa9_0/libsrc/standalone_v6_0/src"
make -C ps7_cortexa9_0/libsrc/standalone_v6_0/src -s libs  "SHELL=CMD" "COMPILER=arm-none-eabi-gcc" "ARCHIVER=arm-none-eabi-ar" "COMPILER_FLAGS=  -O2 -c" "EXTRA_COMPILER_FLAGS=-mcpu=cortex-a9 -mfpu=vfpv3 -mfloat-abi=hard -nostartfiles"
"Compiling standalone"
"Running Make libs in ps7_cortexa9_0/libsrc/tft_v6_0/src"
make -C ps7_cortexa9_0/libsrc/tft_v6_0/src -s libs  "SHELL=CMD" "COMPILER=arm-none-eabi-gcc" "ARCHIVER=arm-none-eabi-ar" "COMPILER_FLAGS=  -O2 -c" "EXTRA_COMPILER_FLAGS=-mcpu=cortex-a9 -mfpu=vfpv3 -mfloat-abi=hard -nostartfiles"
"Compiling tft"
"Running Make libs in ps7_cortexa9_0/libsrc/ttcps_v3_1/src"
make -C ps7_cortexa9_0/libsrc/ttcps_v3_1/src -s libs  "SHELL=CMD" "COMPILER=arm-none-eabi-gcc" "ARCHIVER=arm-none-eabi-ar" "COMPILER_FLAGS=  -O2 -c" "EXTRA_COMPILER_FLAGS=-mcpu=cortex-a9 -mfpu=vfpv3 -mfloat-abi=hard -nostartfiles"
"Compiling ttcps"
"Running Make libs in ps7_cortexa9_0/libsrc/uartps_v3_2/src"
make -C ps7_cortexa9_0/libsrc/uartps_v3_2/src -s libs  "SHELL=CMD" "COMPILER=arm-none-eabi-gcc" "ARCHIVER=arm-none-eabi-ar" "COMPILER_FLAGS=  -O2 -c" "EXTRA_COMPILER_FLAGS=-mcpu=cortex-a9 -mfpu=vfpv3 -mfloat-abi=hard -nostartfiles"
"Compiling uartps"
"Running Make libs in ps7_cortexa9_0/libsrc/usbps_v2_4/src"
make -C ps7_cortexa9_0/libsrc/usbps_v2_4/src -s libs  "SHELL=CMD" "COMPILER=arm-none-eabi-gcc" "ARCHIVER=arm-none-eabi-ar" "COMPILER_FLAGS=  -O2 -c" "EXTRA_COMPILER_FLAGS=-mcpu=cortex-a9 -mfpu=vfpv3 -mfloat-abi=hard -nostartfiles"
"Compiling usbps"
"Running Make libs in ps7_cortexa9_0/libsrc/xadcps_v2_2/src"
make -C ps7_cortexa9_0/libsrc/xadcps_v2_2/src -s libs  "SHELL=CMD" "COMPILER=arm-none-eabi-gcc" "ARCHIVER=arm-none-eabi-ar" "COMPILER_FLAGS=  -O2 -c" "EXTRA_COMPILER_FLAGS=-mcpu=cortex-a9 -mfpu=vfpv3 -mfloat-abi=hard -nostartfiles"
"Compiling xadcps"
'Finished building libraries'
22:54:23 **** Auto Build of configuration Debug for project lab_3B ****
make pre-build main-build 
a9-linaro-pre-build-step
' '
'Building file: ../lab3_coprocessor.c'
'Invoking: ARM v7 gcc compiler'
arm-none-eabi-gcc -Wall -O0 -g3 -c -fmessage-length=0 -MT"lab3_coprocessor.o" -mcpu=cortex-a9 -mfpu=vfpv3 -mfloat-abi=hard -I../../lab_3B_bsp/ps7_cortexa9_0/include -MMD -MP -MF"lab3_coprocessor.d" -MT"lab3_coprocessor.o" -o "lab3_coprocessor.o" "../lab3_coprocessor.c"
'Finished building: ../lab3_coprocessor.c'
' '
'Building target: lab_3B.elf'
'Invoking: ARM v7 gcc linker'
arm-none-eabi-gcc -mcpu=cortex-a9 -mfpu=vfpv3 -mfloat-abi=hard -Wl,-build-id=none -specs=Xilinx.spec -Wl,-T -Wl,../src/lscript.ld -L../../lab_3B_bsp/ps7_cortexa9_0/lib -o "lab_3B.elf"  ./lab3_coprocessor.o   -Wl,--start-group,-lxil,-lgcc,-lc,--end-group
'Finished building target: lab_3B.elf'
' '
'Invoking: ARM v7 Print Size'
arm-none-eabi-size lab_3B.elf  |tee "lab_3B.elf.size"
   text	   data	    bss	    dec	    hex	filename
  31904	   1212	  24312	  57428	   e054	lab_3B.elf
'Finished building: lab_3B.elf.size'
' '
22:55:33 **** Incremental Build of configuration Debug for project lab_3B ****
make pre-build main-build 
a9-linaro-pre-build-step
' '
make: Nothing to be done for `main-build'.
22:56:31 **** Auto Build of configuration Debug for project lab_3B ****
make pre-build main-build 
a9-linaro-pre-build-step
' '
'Building file: ../lab3_coprocessor.c'
'Invoking: ARM v7 gcc compiler'
arm-none-eabi-gcc -Wall -O0 -g3 -c -fmessage-length=0 -MT"lab3_coprocessor.o" -mcpu=cortex-a9 -mfpu=vfpv3 -mfloat-abi=hard -I../../lab_3B_bsp/ps7_cortexa9_0/include -MMD -MP -MF"lab3_coprocessor.d" -MT"lab3_coprocessor.o" -o "lab3_coprocessor.o" "../lab3_coprocessor.c"
'Finished building: ../lab3_coprocessor.c'
' '
'Building target: lab_3B.elf'
'Invoking: ARM v7 gcc linker'
arm-none-eabi-gcc -mcpu=cortex-a9 -mfpu=vfpv3 -mfloat-abi=hard -Wl,-build-id=none -specs=Xilinx.spec -Wl,-T -Wl,../src/lscript.ld -L../../lab_3B_bsp/ps7_cortexa9_0/lib -o "lab_3B.elf"  ./lab3_coprocessor.o   -Wl,--start-group,-lxil,-lgcc,-lc,--end-group
'Finished building target: lab_3B.elf'
' '
'Invoking: ARM v7 Print Size'
arm-none-eabi-size lab_3B.elf  |tee "lab_3B.elf.size"
   text	   data	    bss	    dec	    hex	filename
  31904	   1212	  24312	  57428	   e054	lab_3B.elf
'Finished building: lab_3B.elf.size'
' '
22:56:39 **** Incremental Build of configuration Debug for project lab_3B ****
make pre-build main-build 
a9-linaro-pre-build-step
' '
make: Nothing to be done for `main-build'.
22:56:41 **** Incremental Build of configuration Debug for project lab_3B ****
make pre-build main-build 
a9-linaro-pre-build-step
' '
make: Nothing to be done for `main-build'.
22:57:21 **** Auto Build of configuration Debug for project lab_3B ****
make pre-build main-build 
a9-linaro-pre-build-step
' '
'Building file: ../lab3_coprocessor.c'
'Invoking: ARM v7 gcc compiler'
arm-none-eabi-gcc -Wall -O0 -g3 -c -fmessage-length=0 -MT"lab3_coprocessor.o" -mcpu=cortex-a9 -mfpu=vfpv3 -mfloat-abi=hard -I../../lab_3B_bsp/ps7_cortexa9_0/include -MMD -MP -MF"lab3_coprocessor.d" -MT"lab3_coprocessor.o" -o "lab3_coprocessor.o" "../lab3_coprocessor.c"
'Finished building: ../lab3_coprocessor.c'
' '
'Building target: lab_3B.elf'
'Invoking: ARM v7 gcc linker'
arm-none-eabi-gcc -mcpu=cortex-a9 -mfpu=vfpv3 -mfloat-abi=hard -Wl,-build-id=none -specs=Xilinx.spec -Wl,-T -Wl,../src/lscript.ld -L../../lab_3B_bsp/ps7_cortexa9_0/lib -o "lab_3B.elf"  ./lab3_coprocessor.o   -Wl,--start-group,-lxil,-lgcc,-lc,--end-group
'Finished building target: lab_3B.elf'
' '
'Invoking: ARM v7 Print Size'
arm-none-eabi-size lab_3B.elf  |tee "lab_3B.elf.size"
   text	   data	    bss	    dec	    hex	filename
  31904	   1212	  24312	  57428	   e054	lab_3B.elf
'Finished building: lab_3B.elf.size'
' '
22:57:26 **** Incremental Build of configuration Debug for project lab_3B ****
make pre-build main-build 
a9-linaro-pre-build-step
' '
make: Nothing to be done for `main-build'.
22:57:51 **** Auto Build of configuration Debug for project lab_3B ****
make pre-build main-build 
a9-linaro-pre-build-step
' '
'Building file: ../lab3_coprocessor.c'
'Invoking: ARM v7 gcc compiler'
arm-none-eabi-gcc -Wall -O0 -g3 -c -fmessage-length=0 -MT"lab3_coprocessor.o" -mcpu=cortex-a9 -mfpu=vfpv3 -mfloat-abi=hard -I../../lab_3B_bsp/ps7_cortexa9_0/include -MMD -MP -MF"lab3_coprocessor.d" -MT"lab3_coprocessor.o" -o "lab3_coprocessor.o" "../lab3_coprocessor.c"
'Finished building: ../lab3_coprocessor.c'
' '
'Building target: lab_3B.elf'
'Invoking: ARM v7 gcc linker'
arm-none-eabi-gcc -mcpu=cortex-a9 -mfpu=vfpv3 -mfloat-abi=hard -Wl,-build-id=none -specs=Xilinx.spec -Wl,-T -Wl,../src/lscript.ld -L../../lab_3B_bsp/ps7_cortexa9_0/lib -o "lab_3B.elf"  ./lab3_coprocessor.o   -Wl,--start-group,-lxil,-lgcc,-lc,--end-group
'Finished building target: lab_3B.elf'
' '
'Invoking: ARM v7 Print Size'
arm-none-eabi-size lab_3B.elf  |tee "lab_3B.elf.size"
   text	   data	    bss	    dec	    hex	filename
  31904	   1212	  24312	  57428	   e054	lab_3B.elf
'Finished building: lab_3B.elf.size'
' '
22:57:55 **** Incremental Build of configuration Debug for project lab_3B ****
make pre-build main-build 
a9-linaro-pre-build-step
' '
make: Nothing to be done for `main-build'.
22:58:31 **** Auto Build of configuration Debug for project lab_3B ****
make pre-build main-build 
a9-linaro-pre-build-step
' '
'Building file: ../lab3_coprocessor.c'
'Invoking: ARM v7 gcc compiler'
arm-none-eabi-gcc -Wall -O0 -g3 -c -fmessage-length=0 -MT"lab3_coprocessor.o" -mcpu=cortex-a9 -mfpu=vfpv3 -mfloat-abi=hard -I../../lab_3B_bsp/ps7_cortexa9_0/include -MMD -MP -MF"lab3_coprocessor.d" -MT"lab3_coprocessor.o" -o "lab3_coprocessor.o" "../lab3_coprocessor.c"
'Finished building: ../lab3_coprocessor.c'
' '
'Building target: lab_3B.elf'
'Invoking: ARM v7 gcc linker'
arm-none-eabi-gcc -mcpu=cortex-a9 -mfpu=vfpv3 -mfloat-abi=hard -Wl,-build-id=none -specs=Xilinx.spec -Wl,-T -Wl,../src/lscript.ld -L../../lab_3B_bsp/ps7_cortexa9_0/lib -o "lab_3B.elf"  ./lab3_coprocessor.o   -Wl,--start-group,-lxil,-lgcc,-lc,--end-group
'Finished building target: lab_3B.elf'
' '
'Invoking: ARM v7 Print Size'
arm-none-eabi-size lab_3B.elf  |tee "lab_3B.elf.size"
   text	   data	    bss	    dec	    hex	filename
  31904	   1212	  24312	  57428	   e054	lab_3B.elf
'Finished building: lab_3B.elf.size'
' '
22:58:36 **** Incremental Build of configuration Debug for project lab_3B ****
make pre-build main-build 
a9-linaro-pre-build-step
' '
make: Nothing to be done for `main-build'.
22:59:27 **** Auto Build of configuration Debug for project lab_3B ****
make pre-build main-build 
a9-linaro-pre-build-step
' '
'Building file: ../lab3_coprocessor.c'
'Invoking: ARM v7 gcc compiler'
arm-none-eabi-gcc -Wall -O0 -g3 -c -fmessage-length=0 -MT"lab3_coprocessor.o" -mcpu=cortex-a9 -mfpu=vfpv3 -mfloat-abi=hard -I../../lab_3B_bsp/ps7_cortexa9_0/include -MMD -MP -MF"lab3_coprocessor.d" -MT"lab3_coprocessor.o" -o "lab3_coprocessor.o" "../lab3_coprocessor.c"
'Finished building: ../lab3_coprocessor.c'
' '
'Building target: lab_3B.elf'
'Invoking: ARM v7 gcc linker'
arm-none-eabi-gcc -mcpu=cortex-a9 -mfpu=vfpv3 -mfloat-abi=hard -Wl,-build-id=none -specs=Xilinx.spec -Wl,-T -Wl,../src/lscript.ld -L../../lab_3B_bsp/ps7_cortexa9_0/lib -o "lab_3B.elf"  ./lab3_coprocessor.o   -Wl,--start-group,-lxil,-lgcc,-lc,--end-group
'Finished building target: lab_3B.elf'
' '
'Invoking: ARM v7 Print Size'
arm-none-eabi-size lab_3B.elf  |tee "lab_3B.elf.size"
   text	   data	    bss	    dec	    hex	filename
  31904	   1212	  24312	  57428	   e054	lab_3B.elf
'Finished building: lab_3B.elf.size'
' '
22:59:56 **** Incremental Build of configuration Debug for project lab_3B ****
make pre-build main-build 
a9-linaro-pre-build-step
' '
make: Nothing to be done for `main-build'.
